#
# There is insufficient memory for the Java Runtime Environment to continue.
# Native memory allocation (malloc) failed to allocate 32744 bytes. Error detail: Chunk::new
# Possible reasons:
#   The system is out of physical RAM or swap space
#   This process is running with CompressedOops enabled, and the Java Heap may be blocking the growth of the native heap
# Possible solutions:
#   Reduce memory load on the system
#   Increase physical memory or swap space
#   Check if swap backing store is full
#   Decrease Java heap size (-Xmx/-Xms)
#   Decrease number of Java threads
#   Decrease Java thread stack sizes (-Xss)
#   Set larger code cache with -XX:ReservedCodeCacheSize=
#   JVM is running with Unscaled Compressed Oops mode in which the Java heap is
#     placed in the first 4GB address space. The Java Heap base address is the
#     maximum limit for the native heap growth. Please use -XX:HeapBaseMinAddress
#     to set the Java Heap base and to place the Java Heap above 4GB virtual address.
# This output file may be truncated or incomplete.
#
#  Out of Memory Error (arena.cpp:168), pid=3116, tid=7972
#
# JRE version: OpenJDK Runtime Environment Temurin-21.0.8+9 (21.0.8+9) (build 21.0.8+9-LTS)
# Java VM: OpenJDK 64-Bit Server VM Temurin-21.0.8+9 (21.0.8+9-LTS, mixed mode, sharing, tiered, compressed oops, compressed class ptrs, g1 gc, windows-amd64)
# No core dump will be written. Minidumps are not enabled by default on client versions of Windows
#

---------------  S U M M A R Y ------------

Command Line: -Dfile.encoding=UTF-8 -Dstdout.encoding=UTF-8 -Dstderr.encoding=UTF-8 -XX:+ShowCodeDetailsInExceptionMessages com.Infosys.ecommerceApplication.EcommerceApplication

Host: Intel(R) Core(TM) i7-10750H CPU @ 2.60GHz, 12 cores, 3G,  Windows 11 , 64 bit Build 26100 (10.0.26100.8246)
Time: Mon May  4 04:23:35 2026 India Standard Time elapsed time: 36.481905 seconds (0d 0h 0m 36s)

---------------  T H R E A D  ---------------

Current thread (0x00000278e1ac39a0):  JavaThread "C2 CompilerThread0" daemon [_thread_in_native, id=7972, stack(0x000000b0e7f00000,0x000000b0e8000000) (1024K)]


Current CompileTask:
C2:36481 6310       4       java.lang.invoke.MethodType::makeImpl (109 bytes)

Stack: [0x000000b0e7f00000,0x000000b0e8000000]
Native frames: (J=compiled Java code, j=interpreted, Vv=VM code, C=native code)
V  [jvm.dll+0x6d2449]
V  [jvm.dll+0x8ae341]
V  [jvm.dll+0x8b08be]
V  [jvm.dll+0x8b0fa3]
V  [jvm.dll+0x280c96]
V  [jvm.dll+0xc581d]
V  [jvm.dll+0xc5d53]
V  [jvm.dll+0x3be3a5]
V  [jvm.dll+0x5da804]
V  [jvm.dll+0x385344]
V  [jvm.dll+0x38477a]
V  [jvm.dll+0x248ed0]
V  [jvm.dll+0x2484af]
V  [jvm.dll+0x1c89ee]
V  [jvm.dll+0x257d4d]
V  [jvm.dll+0x2562ea]
V  [jvm.dll+0x3f2d16]
V  [jvm.dll+0x857e6b]
V  [jvm.dll+0x6d0b0d]
C  [ucrtbase.dll+0x37b0]
C  [KERNEL32.DLL+0x2e8d7]
C  [ntdll.dll+0x8c3fc]


---------------  P R O C E S S  ---------------

Threads class SMR info:
_java_thread_list=0x00000278ea6c17f0, length=29, elements={
0x00000278e1aa2840, 0x00000278e1aa7550, 0x00000278e1aa9980, 0x00000278e1aa9fe0,
0x00000278e1aaf1c0, 0x00000278e1ab0830, 0x00000278e1ac39a0, 0x00000278e1aca290,
0x00000278e1c02c00, 0x00000278e1c03290, 0x00000278e1c01850, 0x00000278e1c01ee0,
0x00000278e1c03fb0, 0x00000278e1c00b30, 0x00000278e1c02570, 0x00000278ea42d5a0,
0x00000278ea42ae40, 0x00000278ea42b4d0, 0x00000278ea42e950, 0x00000278ea42e2c0,
0x00000278ea42c1f0, 0x00000278ea42efe0, 0x00000278ea42bb60, 0x00000278ea42fd00,
0x00000278ea42cf10, 0x00000278ea42c880, 0x00000278ea42f670, 0x00000278ea430a20,
0x00000278ea430390
}

Java Threads: ( => current thread )
  0x00000278e1aa2840 JavaThread "Reference Handler"          daemon [_thread_blocked, id=8016, stack(0x000000b0e7900000,0x000000b0e7a00000) (1024K)]
  0x00000278e1aa7550 JavaThread "Finalizer"                  daemon [_thread_blocked, id=11640, stack(0x000000b0e7a00000,0x000000b0e7b00000) (1024K)]
  0x00000278e1aa9980 JavaThread "Signal Dispatcher"          daemon [_thread_blocked, id=14768, stack(0x000000b0e7b00000,0x000000b0e7c00000) (1024K)]
  0x00000278e1aa9fe0 JavaThread "Attach Listener"            daemon [_thread_blocked, id=17648, stack(0x000000b0e7c00000,0x000000b0e7d00000) (1024K)]
  0x00000278e1aaf1c0 JavaThread "Service Thread"             daemon [_thread_blocked, id=3520, stack(0x000000b0e7d00000,0x000000b0e7e00000) (1024K)]
  0x00000278e1ab0830 JavaThread "Monitor Deflation Thread"   daemon [_thread_blocked, id=18880, stack(0x000000b0e7e00000,0x000000b0e7f00000) (1024K)]
=>0x00000278e1ac39a0 JavaThread "C2 CompilerThread0"         daemon [_thread_in_native, id=7972, stack(0x000000b0e7f00000,0x000000b0e8000000) (1024K)]
  0x00000278e1aca290 JavaThread "C1 CompilerThread0"         daemon [_thread_blocked, id=15772, stack(0x000000b0e8000000,0x000000b0e8100000) (1024K)]
  0x00000278e1c02c00 JavaThread "Notification Thread"        daemon [_thread_blocked, id=12512, stack(0x000000b0e8100000,0x000000b0e8200000) (1024K)]
  0x00000278e1c03290 JavaThread "Common-Cleaner"             daemon [_thread_blocked, id=6088, stack(0x000000b0e8200000,0x000000b0e8300000) (1024K)]
  0x00000278e1c01850 JavaThread "Catalina-utility-1"                [_thread_blocked, id=1076, stack(0x000000b0e8900000,0x000000b0e8a00000) (1024K)]
  0x00000278e1c01ee0 JavaThread "Catalina-utility-2"                [_thread_blocked, id=6800, stack(0x000000b0e8f00000,0x000000b0e9000000) (1024K)]
  0x00000278e1c03fb0 JavaThread "container-0"                       [_thread_blocked, id=5392, stack(0x000000b0e9000000,0x000000b0e9100000) (1024K)]
  0x00000278e1c00b30 JavaThread "mysql-cj-abandoned-connection-cleanup" daemon [_thread_blocked, id=6544, stack(0x000000b0e9100000,0x000000b0e9200000) (1024K)]
  0x00000278e1c02570 JavaThread "HikariPool-1:housekeeper"   daemon [_thread_blocked, id=19832, stack(0x000000b0e9300000,0x000000b0e9400000) (1024K)]
  0x00000278ea42d5a0 JavaThread "http-nio-8080-exec-1"       daemon [_thread_in_native, id=3276, stack(0x000000b0e9500000,0x000000b0e9600000) (1024K)]
  0x00000278ea42ae40 JavaThread "http-nio-8080-exec-2"       daemon [_thread_in_vm, id=7976, stack(0x000000b0e9600000,0x000000b0e9700000) (1024K)]
  0x00000278ea42b4d0 JavaThread "http-nio-8080-exec-3"       daemon [_thread_blocked, id=3872, stack(0x000000b0e9700000,0x000000b0e9800000) (1024K)]
  0x00000278ea42e950 JavaThread "http-nio-8080-exec-4"       daemon [_thread_blocked, id=3440, stack(0x000000b0e9800000,0x000000b0e9900000) (1024K)]
  0x00000278ea42e2c0 JavaThread "http-nio-8080-exec-5"       daemon [_thread_blocked, id=428, stack(0x000000b0e9900000,0x000000b0e9a00000) (1024K)]
  0x00000278ea42c1f0 JavaThread "http-nio-8080-exec-6"       daemon [_thread_blocked, id=5588, stack(0x000000b0e9a00000,0x000000b0e9b00000) (1024K)]
  0x00000278ea42efe0 JavaThread "http-nio-8080-exec-7"       daemon [_thread_blocked, id=376, stack(0x000000b0e9b00000,0x000000b0e9c00000) (1024K)]
  0x00000278ea42bb60 JavaThread "http-nio-8080-exec-8"       daemon [_thread_blocked, id=20408, stack(0x000000b0e9c00000,0x000000b0e9d00000) (1024K)]
  0x00000278ea42fd00 JavaThread "http-nio-8080-exec-9"       daemon [_thread_blocked, id=19468, stack(0x000000b0e9d00000,0x000000b0e9e00000) (1024K)]
  0x00000278ea42cf10 JavaThread "http-nio-8080-exec-10"      daemon [_thread_blocked, id=628, stack(0x000000b0e9e00000,0x000000b0e9f00000) (1024K)]
  0x00000278ea42c880 JavaThread "http-nio-8080-Poller"       daemon [_thread_in_native, id=8676, stack(0x000000b0e9f00000,0x000000b0ea000000) (1024K)]
  0x00000278ea42f670 JavaThread "http-nio-8080-Acceptor"     daemon [_thread_in_native, id=12076, stack(0x000000b0ea000000,0x000000b0ea100000) (1024K)]
  0x00000278ea430a20 JavaThread "DestroyJavaVM"                     [_thread_blocked, id=8820, stack(0x000000b0e7100000,0x000000b0e7200000) (1024K)]
  0x00000278ea430390 JavaThread "HikariPool-1:connection-adder" daemon [_thread_blocked, id=18140, stack(0x000000b0ea200000,0x000000b0ea300000) (1024K)]
Total: 29

Other Threads:
  0x00000278e1a85060 VMThread "VM Thread"                           [id=18920, stack(0x000000b0e7800000,0x000000b0e7900000) (1024K)]
  0x00000278e1a74b90 WatcherThread "VM Periodic Task Thread"        [id=17432, stack(0x000000b0e7700000,0x000000b0e7800000) (1024K)]
  0x00000278cacc1ce0 WorkerThread "GC Thread#0"                     [id=13776, stack(0x000000b0e7200000,0x000000b0e7300000) (1024K)]
  0x00000278e69794a0 WorkerThread "GC Thread#1"                     [id=1624, stack(0x000000b0e8300000,0x000000b0e8400000) (1024K)]
  0x00000278e6a5e050 WorkerThread "GC Thread#2"                     [id=8960, stack(0x000000b0e8400000,0x000000b0e8500000) (1024K)]
  0x00000278e62fe120 WorkerThread "GC Thread#3"                     [id=17576, stack(0x000000b0e8500000,0x000000b0e8600000) (1024K)]
  0x00000278e63b4c90 WorkerThread "GC Thread#4"                     [id=3348, stack(0x000000b0e8600000,0x000000b0e8700000) (1024K)]
  0x00000278e63b5430 WorkerThread "GC Thread#5"                     [id=3848, stack(0x000000b0e8700000,0x000000b0e8800000) (1024K)]
  0x00000278e63b57d0 WorkerThread "GC Thread#6"                     [id=20068, stack(0x000000b0e8800000,0x000000b0e8900000) (1024K)]
  0x00000278e6d61c40 WorkerThread "GC Thread#7"                     [id=4752, stack(0x000000b0e8a00000,0x000000b0e8b00000) (1024K)]
  0x00000278e6d61fe0 WorkerThread "GC Thread#8"                     [id=14724, stack(0x000000b0e8b00000,0x000000b0e8c00000) (1024K)]
  0x00000278e6d62380 WorkerThread "GC Thread#9"                     [id=21232, stack(0x000000b0e8c00000,0x000000b0e8d00000) (1024K)]
  0x00000278cacca7e0 ConcurrentGCThread "G1 Main Marker"            [id=3408, stack(0x000000b0e7300000,0x000000b0e7400000) (1024K)]
  0x00000278caccde60 WorkerThread "G1 Conc#0"                       [id=6848, stack(0x000000b0e7400000,0x000000b0e7500000) (1024K)]
  0x00000278e72c3930 WorkerThread "G1 Conc#1"                       [id=12708, stack(0x000000b0e8d00000,0x000000b0e8e00000) (1024K)]
  0x00000278e72c2710 WorkerThread "G1 Conc#2"                       [id=1308, stack(0x000000b0e8e00000,0x000000b0e8f00000) (1024K)]
  0x00000278e19510a0 ConcurrentGCThread "G1 Refine#0"               [id=9988, stack(0x000000b0e7500000,0x000000b0e7600000) (1024K)]
  0x00000278e19516c0 ConcurrentGCThread "G1 Service"                [id=5032, stack(0x000000b0e7600000,0x000000b0e7700000) (1024K)]
Total: 18

Threads with active compile tasks:
C2 CompilerThread0  36603 6310       4       java.lang.invoke.MethodType::makeImpl (109 bytes)
Total: 1

VM state: not at safepoint (normal execution)

VM Mutex/Monitor currently owned by a thread: None

Heap address: 0x00000000c3200000, size: 974 MB, Compressed Oops mode: 32-bit

CDS archive(s) mapped at: [0x0000027880000000-0x0000027880c80000-0x0000027880c80000), size 13107200, SharedBaseAddress: 0x0000027880000000, ArchiveRelocationMode: 1.
Compressed class space mapped at: 0x0000027881000000-0x00000278c1000000, reserved size: 1073741824
Narrow klass base: 0x0000027880000000, Narrow klass shift: 0, Narrow klass range: 0x100000000

GC Precious Log:
 CardTable entry size: 512
 Card Set container configuration: InlinePtr #cards 5 size 8 Array Of Cards #cards 12 size 40 Howl #buckets 4 coarsen threshold 1843 Howl Bitmap #cards 512 size 80 coarsen threshold 460 Card regions per heap region 1 cards per card region 2048
 CPUs: 12 total, 12 available
 Memory: 3889M
 Large Page Support: Disabled
 NUMA Support: Disabled
 Compressed Oops: Enabled (32-bit)
 Heap Region Size: 1M
 Heap Min Capacity: 8M
 Heap Initial Capacity: 62M
 Heap Max Capacity: 974M
 Pre-touch: Disabled
 Parallel Workers: 10
 Concurrent Workers: 3
 Concurrent Refinement Workers: 10
 Periodic GC: Disabled

Heap:
 garbage-first heap   total 65536K, used 47385K [0x00000000c3200000, 0x0000000100000000)
  region size 1024K, 19 young (19456K), 3 survivors (3072K)
 Metaspace       used 83349K, committed 84096K, reserved 1179648K
  class space    used 11453K, committed 11776K, reserved 1048576K

Heap Regions: E=young(eden), S=young(survivor), O=old, HS=humongous(starts), HC=humongous(continues), CS=collection set, F=free, TAMS=top-at-mark-start, PB=parsable bottom
|   0|0x00000000c3200000, 0x00000000c3300000, 0x00000000c3300000|100%|HS|  |TAMS 0x00000000c3200000| PB 0x00000000c3200000| Complete 
|   1|0x00000000c3300000, 0x00000000c3400000, 0x00000000c3400000|100%|HS|  |TAMS 0x00000000c3300000| PB 0x00000000c3300000| Complete 
|   2|0x00000000c3400000, 0x00000000c3500000, 0x00000000c3500000|100%| O|  |TAMS 0x00000000c3400000| PB 0x00000000c3400000| Untracked 
|   3|0x00000000c3500000, 0x00000000c3600000, 0x00000000c3600000|100%| O|  |TAMS 0x00000000c3500000| PB 0x00000000c3500000| Untracked 
|   4|0x00000000c3600000, 0x00000000c3700000, 0x00000000c3700000|100%| O|  |TAMS 0x00000000c3600000| PB 0x00000000c3600000| Untracked 
|   5|0x00000000c3700000, 0x00000000c3800000, 0x00000000c3800000|100%| O|  |TAMS 0x00000000c3700000| PB 0x00000000c3700000| Untracked 
|   6|0x00000000c3800000, 0x00000000c3900000, 0x00000000c3900000|100%| O|  |TAMS 0x00000000c3800000| PB 0x00000000c3800000| Untracked 
|   7|0x00000000c3900000, 0x00000000c3a00000, 0x00000000c3a00000|100%| O|  |TAMS 0x00000000c3900000| PB 0x00000000c3900000| Untracked 
|   8|0x00000000c3a00000, 0x00000000c3b00000, 0x00000000c3b00000|100%| O|  |TAMS 0x00000000c3a00000| PB 0x00000000c3a00000| Untracked 
|   9|0x00000000c3b00000, 0x00000000c3c00000, 0x00000000c3c00000|100%| O|  |TAMS 0x00000000c3b00000| PB 0x00000000c3b00000| Untracked 
|  10|0x00000000c3c00000, 0x00000000c3d00000, 0x00000000c3d00000|100%| O|  |TAMS 0x00000000c3c00000| PB 0x00000000c3c00000| Untracked 
|  11|0x00000000c3d00000, 0x00000000c3e00000, 0x00000000c3e00000|100%| O|  |TAMS 0x00000000c3d00000| PB 0x00000000c3d00000| Untracked 
|  12|0x00000000c3e00000, 0x00000000c3f00000, 0x00000000c3f00000|100%| O|  |TAMS 0x00000000c3e00000| PB 0x00000000c3e00000| Untracked 
|  13|0x00000000c3f00000, 0x00000000c4000000, 0x00000000c4000000|100%| O|  |TAMS 0x00000000c3f00000| PB 0x00000000c3f00000| Untracked 
|  14|0x00000000c4000000, 0x00000000c4100000, 0x00000000c4100000|100%| O|  |TAMS 0x00000000c4000000| PB 0x00000000c4000000| Untracked 
|  15|0x00000000c4100000, 0x00000000c4200000, 0x00000000c4200000|100%| O|  |TAMS 0x00000000c4100000| PB 0x00000000c4100000| Untracked 
|  16|0x00000000c4200000, 0x00000000c4300000, 0x00000000c4300000|100%| O|  |TAMS 0x00000000c4200000| PB 0x00000000c4200000| Untracked 
|  17|0x00000000c4300000, 0x00000000c4400000, 0x00000000c4400000|100%| O|  |TAMS 0x00000000c4300000| PB 0x00000000c4300000| Untracked 
|  18|0x00000000c4400000, 0x00000000c4500000, 0x00000000c4500000|100%| O|  |TAMS 0x00000000c4400000| PB 0x00000000c4400000| Untracked 
|  19|0x00000000c4500000, 0x00000000c4600000, 0x00000000c4600000|100%| O|  |TAMS 0x00000000c4500000| PB 0x00000000c4500000| Untracked 
|  20|0x00000000c4600000, 0x00000000c4700000, 0x00000000c4700000|100%| O|  |TAMS 0x00000000c4600000| PB 0x00000000c4600000| Untracked 
|  21|0x00000000c4700000, 0x00000000c4800000, 0x00000000c4800000|100%| O|  |TAMS 0x00000000c4700000| PB 0x00000000c4700000| Untracked 
|  22|0x00000000c4800000, 0x00000000c4900000, 0x00000000c4900000|100%| O|  |TAMS 0x00000000c4800000| PB 0x00000000c4800000| Untracked 
|  23|0x00000000c4900000, 0x00000000c4a00000, 0x00000000c4a00000|100%| O|  |TAMS 0x00000000c4900000| PB 0x00000000c4900000| Untracked 
|  24|0x00000000c4a00000, 0x00000000c4b00000, 0x00000000c4b00000|100%| O|  |TAMS 0x00000000c4a00000| PB 0x00000000c4a00000| Untracked 
|  25|0x00000000c4b00000, 0x00000000c4c00000, 0x00000000c4c00000|100%| O|  |TAMS 0x00000000c4b00000| PB 0x00000000c4b00000| Untracked 
|  26|0x00000000c4c00000, 0x00000000c4d00000, 0x00000000c4d00000|100%| O|  |TAMS 0x00000000c4c00000| PB 0x00000000c4c00000| Untracked 
|  27|0x00000000c4d00000, 0x00000000c4e00000, 0x00000000c4e00000|100%| O|  |TAMS 0x00000000c4d00000| PB 0x00000000c4d00000| Untracked 
|  28|0x00000000c4e00000, 0x00000000c4f00000, 0x00000000c4f00000|100%| O|  |TAMS 0x00000000c4e00000| PB 0x00000000c4e00000| Untracked 
|  29|0x00000000c4f00000, 0x00000000c4f00000, 0x00000000c5000000|  0%| F|  |TAMS 0x00000000c4f00000| PB 0x00000000c4f00000| Untracked 
|  30|0x00000000c5000000, 0x00000000c5000000, 0x00000000c5100000|  0%| F|  |TAMS 0x00000000c5000000| PB 0x00000000c5000000| Untracked 
|  31|0x00000000c5100000, 0x00000000c519b3d0, 0x00000000c5200000| 60%| O|  |TAMS 0x00000000c5100000| PB 0x00000000c5100000| Untracked 
|  32|0x00000000c5200000, 0x00000000c5200000, 0x00000000c5300000|  0%| F|  |TAMS 0x00000000c5200000| PB 0x00000000c5200000| Untracked 
|  33|0x00000000c5300000, 0x00000000c5300000, 0x00000000c5400000|  0%| F|  |TAMS 0x00000000c5300000| PB 0x00000000c5300000| Untracked 
|  34|0x00000000c5400000, 0x00000000c5400000, 0x00000000c5500000|  0%| F|  |TAMS 0x00000000c5400000| PB 0x00000000c5400000| Untracked 
|  35|0x00000000c5500000, 0x00000000c55ab240, 0x00000000c5600000| 66%| S|CS|TAMS 0x00000000c5500000| PB 0x00000000c5500000| Complete 
|  36|0x00000000c5600000, 0x00000000c5700000, 0x00000000c5700000|100%| S|CS|TAMS 0x00000000c5600000| PB 0x00000000c5600000| Complete 
|  37|0x00000000c5700000, 0x00000000c5800000, 0x00000000c5800000|100%| S|CS|TAMS 0x00000000c5700000| PB 0x00000000c5700000| Complete 
|  38|0x00000000c5800000, 0x00000000c5800000, 0x00000000c5900000|  0%| F|  |TAMS 0x00000000c5800000| PB 0x00000000c5800000| Untracked 
|  39|0x00000000c5900000, 0x00000000c5900000, 0x00000000c5a00000|  0%| F|  |TAMS 0x00000000c5900000| PB 0x00000000c5900000| Untracked 
|  40|0x00000000c5a00000, 0x00000000c5a00000, 0x00000000c5b00000|  0%| F|  |TAMS 0x00000000c5a00000| PB 0x00000000c5a00000| Untracked 
|  41|0x00000000c5b00000, 0x00000000c5b00000, 0x00000000c5c00000|  0%| F|  |TAMS 0x00000000c5b00000| PB 0x00000000c5b00000| Untracked 
|  42|0x00000000c5c00000, 0x00000000c5c00000, 0x00000000c5d00000|  0%| F|  |TAMS 0x00000000c5c00000| PB 0x00000000c5c00000| Untracked 
|  43|0x00000000c5d00000, 0x00000000c5d00000, 0x00000000c5e00000|  0%| F|  |TAMS 0x00000000c5d00000| PB 0x00000000c5d00000| Untracked 
|  44|0x00000000c5e00000, 0x00000000c5e00000, 0x00000000c5f00000|  0%| F|  |TAMS 0x00000000c5e00000| PB 0x00000000c5e00000| Untracked 
|  45|0x00000000c5f00000, 0x00000000c5f00000, 0x00000000c6000000|  0%| F|  |TAMS 0x00000000c5f00000| PB 0x00000000c5f00000| Untracked 
|  46|0x00000000c6000000, 0x00000000c6000000, 0x00000000c6100000|  0%| F|  |TAMS 0x00000000c6000000| PB 0x00000000c6000000| Untracked 
|  47|0x00000000c6100000, 0x00000000c6100000, 0x00000000c6200000|  0%| F|  |TAMS 0x00000000c6100000| PB 0x00000000c6100000| Untracked 
|  48|0x00000000c6200000, 0x00000000c623d7f8, 0x00000000c6300000| 24%| E|  |TAMS 0x00000000c6200000| PB 0x00000000c6200000| Complete 
|  49|0x00000000c6300000, 0x00000000c6400000, 0x00000000c6400000|100%| E|CS|TAMS 0x00000000c6300000| PB 0x00000000c6300000| Complete 
|  50|0x00000000c6400000, 0x00000000c6500000, 0x00000000c6500000|100%| E|CS|TAMS 0x00000000c6400000| PB 0x00000000c6400000| Complete 
|  51|0x00000000c6500000, 0x00000000c6600000, 0x00000000c6600000|100%| E|  |TAMS 0x00000000c6500000| PB 0x00000000c6500000| Complete 
|  52|0x00000000c6600000, 0x00000000c6700000, 0x00000000c6700000|100%| E|CS|TAMS 0x00000000c6600000| PB 0x00000000c6600000| Complete 
|  53|0x00000000c6700000, 0x00000000c6800000, 0x00000000c6800000|100%| E|CS|TAMS 0x00000000c6700000| PB 0x00000000c6700000| Complete 
|  54|0x00000000c6800000, 0x00000000c6900000, 0x00000000c6900000|100%| E|CS|TAMS 0x00000000c6800000| PB 0x00000000c6800000| Complete 
|  55|0x00000000c6900000, 0x00000000c6a00000, 0x00000000c6a00000|100%| E|CS|TAMS 0x00000000c6900000| PB 0x00000000c6900000| Complete 
|  56|0x00000000c6a00000, 0x00000000c6b00000, 0x00000000c6b00000|100%| E|CS|TAMS 0x00000000c6a00000| PB 0x00000000c6a00000| Complete 
|  57|0x00000000c6b00000, 0x00000000c6c00000, 0x00000000c6c00000|100%| E|CS|TAMS 0x00000000c6b00000| PB 0x00000000c6b00000| Complete 
|  58|0x00000000c6c00000, 0x00000000c6d00000, 0x00000000c6d00000|100%| E|CS|TAMS 0x00000000c6c00000| PB 0x00000000c6c00000| Complete 
|  59|0x00000000c6d00000, 0x00000000c6e00000, 0x00000000c6e00000|100%| E|CS|TAMS 0x00000000c6d00000| PB 0x00000000c6d00000| Complete 
|  60|0x00000000c6e00000, 0x00000000c6f00000, 0x00000000c6f00000|100%| E|CS|TAMS 0x00000000c6e00000| PB 0x00000000c6e00000| Complete 
|  61|0x00000000c6f00000, 0x00000000c7000000, 0x00000000c7000000|100%| E|CS|TAMS 0x00000000c6f00000| PB 0x00000000c6f00000| Complete 
|  62|0x00000000c7000000, 0x00000000c7100000, 0x00000000c7100000|100%| E|CS|TAMS 0x00000000c7000000| PB 0x00000000c7000000| Complete 
|  63|0x00000000c7100000, 0x00000000c7200000, 0x00000000c7200000|100%| E|CS|TAMS 0x00000000c7100000| PB 0x00000000c7100000| Complete 

Card table byte_map: [0x00000278ddd60000,0x00000278ddf50000] _byte_map_base: 0x00000278dd747000

Marking Bits: (CMBitMap*) 0x00000278cacc23e0
 Bits: [0x00000278ddf50000, 0x00000278dee88000)

Polling page: 0x00000278c8b30000

Metaspace:

Usage:
  Non-class:     70.23 MB used.
      Class:     11.19 MB used.
       Both:     81.41 MB used.

Virtual space:
  Non-class space:      128.00 MB reserved,      70.62 MB ( 55%) committed,  2 nodes.
      Class space:        1.00 GB reserved,      11.50 MB (  1%) committed,  1 nodes.
             Both:        1.12 GB reserved,      82.12 MB (  7%) committed. 

Chunk freelists:
   Non-Class:  8.84 MB
       Class:  4.55 MB
        Both:  13.39 MB

MaxMetaspaceSize: unlimited
CompressedClassSpaceSize: 1.00 GB
Initial GC threshold: 21.00 MB
Current GC threshold: 98.44 MB
CDS: on
 - commit_granule_bytes: 65536.
 - commit_granule_words: 8192.
 - virtual_space_node_default_size: 8388608.
 - enlarge_chunks_in_place: 1.
 - use_allocation_guard: 0.


Internal statistics:

num_allocs_failed_limit: 11.
num_arena_births: 1044.
num_arena_deaths: 0.
num_vsnodes_births: 3.
num_vsnodes_deaths: 0.
num_space_committed: 1314.
num_space_uncommitted: 0.
num_chunks_returned_to_freelist: 11.
num_chunks_taken_from_freelist: 3972.
num_chunk_merges: 11.
num_chunk_splits: 2903.
num_chunks_enlarged: 2322.
num_inconsistent_stats: 0.

CodeHeap 'non-profiled nmethods': size=120000Kb used=3339Kb max_used=3339Kb free=116660Kb
 bounds [0x00000278d60f0000, 0x00000278d6440000, 0x00000278dd620000]
CodeHeap 'profiled nmethods': size=120000Kb used=11041Kb max_used=11041Kb free=108958Kb
 bounds [0x00000278ce620000, 0x00000278cf0f0000, 0x00000278d5b50000]
CodeHeap 'non-nmethods': size=5760Kb used=1745Kb max_used=1810Kb free=4014Kb
 bounds [0x00000278d5b50000, 0x00000278d5dc0000, 0x00000278d60f0000]
CodeCache: size=245760Kb, used=16125Kb, max_used=16190Kb, free=229632Kb
 total_blobs=6503, nmethods=5744, adapters=663, full_count=0
Compilation: enabled, stopped_count=0, restarted_count=0

Compilation events (20 events):
Event: 34.196 Thread 0x00000278e1ac39a0 6301       4       java.lang.invoke.MethodHandles$Lookup::<init> (84 bytes)
Event: 34.198 Thread 0x00000278e1ac39a0 nmethod 6301 0x00000278d6431b90 code [0x00000278d6431d20, 0x00000278d6431f90]
Event: 34.218 Thread 0x00000278e1aca290 6303       3       sun.security.ssl.Authenticator::increaseSequenceNumber (29 bytes)
Event: 34.218 Thread 0x00000278e1aca290 nmethod 6303 0x00000278cf0e5a90 code [0x00000278cf0e5c40, 0x00000278cf0e5e58]
Event: 34.222 Thread 0x00000278e1aca290 6304       3       sun.security.ssl.SSLSocketInputRecord::readHeader (43 bytes)
Event: 34.223 Thread 0x00000278e1aca290 nmethod 6304 0x00000278cf0e5f90 code [0x00000278cf0e6140, 0x00000278cf0e6350]
Event: 34.257 Thread 0x00000278e1aca290 6305       3       java.lang.invoke.MethodTypeForm::findForm (24 bytes)
Event: 34.257 Thread 0x00000278e1aca290 nmethod 6305 0x00000278cf0e6410 code [0x00000278cf0e65e0, 0x00000278cf0e6828]
Event: 34.257 Thread 0x00000278e1aca290 6306       3       jdk.internal.util.ReferencedKeySet::intern (9 bytes)
Event: 34.257 Thread 0x00000278e1aca290 nmethod 6306 0x00000278cf0e6910 code [0x00000278cf0e6ae0, 0x00000278cf0e6cf8]
Event: 34.257 Thread 0x00000278e1aca290 6307       3       jdk.internal.util.ReferencedKeyMap::intern (18 bytes)
Event: 34.258 Thread 0x00000278e1aca290 nmethod 6307 0x00000278cf0e6e10 code [0x00000278cf0e70a0, 0x00000278cf0e7d80]
Event: 34.258 Thread 0x00000278e1ac39a0 6308       4       java.lang.invoke.MethodHandleNatives::refKindIsField (32 bytes)
Event: 34.258 Thread 0x00000278e1ac39a0 nmethod 6308 0x00000278d6432010 code [0x00000278d6432180, 0x00000278d64321f8]
Event: 34.319 Thread 0x00000278e1ac39a0 6309       4       java.lang.invoke.MethodType::<init> (15 bytes)
Event: 34.320 Thread 0x00000278e1ac39a0 nmethod 6309 0x00000278d6432310 code [0x00000278d64324a0, 0x00000278d6432710]
Event: 34.320 Thread 0x00000278e1ac39a0 6310       4       java.lang.invoke.MethodType::makeImpl (109 bytes)
Event: 34.357 Thread 0x00000278e1aca290 6314       1       java.lang.Thread::isInterrupted (5 bytes)
Event: 34.357 Thread 0x00000278e1aca290 nmethod 6314 0x00000278d6432a90 code [0x00000278d6432c20, 0x00000278d6432cf0]
Event: 34.515 Thread 0x00000278e1aca290 6317       3       java.util.concurrent.ScheduledThreadPoolExecutor$DelayedWorkQueue::setIndex (16 bytes)

GC Heap History (20 events):
Event: 1.582 GC heap before
{Heap before GC invocations=3 (full 0):
 garbage-first heap   total 63488K, used 17573K [0x00000000c3200000, 0x0000000100000000)
  region size 1024K, 8 young (8192K), 3 survivors (3072K)
 Metaspace       used 21061K, committed 21504K, reserved 1114112K
  class space    used 2644K, committed 2880K, reserved 1048576K
}
Event: 1.585 GC heap after
{Heap after GC invocations=4 (full 0):
 garbage-first heap   total 63488K, used 14369K [0x00000000c3200000, 0x0000000100000000)
  region size 1024K, 1 young (1024K), 1 survivors (1024K)
 Metaspace       used 21061K, committed 21504K, reserved 1114112K
  class space    used 2644K, committed 2880K, reserved 1048576K
}
Event: 2.181 GC heap before
{Heap before GC invocations=5 (full 0):
 garbage-first heap   total 51200K, used 48161K [0x00000000c3200000, 0x0000000100000000)
  region size 1024K, 35 young (35840K), 1 survivors (1024K)
 Metaspace       used 25784K, committed 26240K, reserved 1114112K
  class space    used 3331K, committed 3520K, reserved 1048576K
}
Event: 2.185 GC heap after
{Heap after GC invocations=6 (full 0):
 garbage-first heap   total 65536K, used 16955K [0x00000000c3200000, 0x0000000100000000)
  region size 1024K, 4 young (4096K), 4 survivors (4096K)
 Metaspace       used 25784K, committed 26240K, reserved 1114112K
  class space    used 3331K, committed 3520K, reserved 1048576K
}
Event: 2.968 GC heap before
{Heap before GC invocations=6 (full 0):
 garbage-first heap   total 65536K, used 49723K [0x00000000c3200000, 0x0000000100000000)
  region size 1024K, 37 young (37888K), 4 survivors (4096K)
 Metaspace       used 33264K, committed 33792K, reserved 1114112K
  class space    used 4339K, committed 4608K, reserved 1048576K
}
Event: 2.977 GC heap after
{Heap after GC invocations=7 (full 0):
 garbage-first heap   total 65536K, used 20586K [0x00000000c3200000, 0x0000000100000000)
  region size 1024K, 4 young (4096K), 4 survivors (4096K)
 Metaspace       used 33264K, committed 33792K, reserved 1114112K
  class space    used 4339K, committed 4608K, reserved 1048576K
}
Event: 3.166 GC heap before
{Heap before GC invocations=7 (full 0):
 garbage-first heap   total 65536K, used 29802K [0x00000000c3200000, 0x0000000100000000)
  region size 1024K, 14 young (14336K), 4 survivors (4096K)
 Metaspace       used 35545K, committed 36096K, reserved 1114112K
  class space    used 4598K, committed 4864K, reserved 1048576K
}
Event: 3.170 GC heap after
{Heap after GC invocations=8 (full 0):
 garbage-first heap   total 65536K, used 21391K [0x00000000c3200000, 0x0000000100000000)
  region size 1024K, 1 young (1024K), 1 survivors (1024K)
 Metaspace       used 35545K, committed 36096K, reserved 1114112K
  class space    used 4598K, committed 4864K, reserved 1048576K
}
Event: 3.866 GC heap before
{Heap before GC invocations=9 (full 0):
 garbage-first heap   total 65536K, used 54159K [0x00000000c3200000, 0x0000000100000000)
  region size 1024K, 33 young (33792K), 1 survivors (1024K)
 Metaspace       used 43631K, committed 44288K, reserved 1114112K
  class space    used 6052K, committed 6336K, reserved 1048576K
}
Event: 3.869 GC heap after
{Heap after GC invocations=10 (full 0):
 garbage-first heap   total 65536K, used 23671K [0x00000000c3200000, 0x0000000100000000)
  region size 1024K, 4 young (4096K), 4 survivors (4096K)
 Metaspace       used 43631K, committed 44288K, reserved 1114112K
  class space    used 6052K, committed 6336K, reserved 1048576K
}
Event: 4.755 GC heap before
{Heap before GC invocations=10 (full 0):
 garbage-first heap   total 65536K, used 54391K [0x00000000c3200000, 0x0000000100000000)
  region size 1024K, 35 young (35840K), 4 survivors (4096K)
 Metaspace       used 55957K, committed 56512K, reserved 1114112K
  class space    used 7446K, committed 7680K, reserved 1048576K
}
Event: 4.761 GC heap after
{Heap after GC invocations=11 (full 0):
 garbage-first heap   total 65536K, used 26093K [0x00000000c3200000, 0x0000000100000000)
  region size 1024K, 5 young (5120K), 5 survivors (5120K)
 Metaspace       used 55957K, committed 56512K, reserved 1114112K
  class space    used 7446K, committed 7680K, reserved 1048576K
}
Event: 4.982 GC heap before
{Heap before GC invocations=11 (full 0):
 garbage-first heap   total 65536K, used 41453K [0x00000000c3200000, 0x0000000100000000)
  region size 1024K, 21 young (21504K), 5 survivors (5120K)
 Metaspace       used 59723K, committed 60288K, reserved 1114112K
  class space    used 7901K, committed 8128K, reserved 1048576K
}
Event: 4.988 GC heap after
{Heap after GC invocations=12 (full 0):
 garbage-first heap   total 65536K, used 27250K [0x00000000c3200000, 0x0000000100000000)
  region size 1024K, 2 young (2048K), 2 survivors (2048K)
 Metaspace       used 59723K, committed 60288K, reserved 1114112K
  class space    used 7901K, committed 8128K, reserved 1048576K
}
Event: 5.590 GC heap before
{Heap before GC invocations=13 (full 0):
 garbage-first heap   total 65536K, used 56946K [0x00000000c3200000, 0x0000000100000000)
  region size 1024K, 31 young (31744K), 2 survivors (2048K)
 Metaspace       used 68908K, committed 69568K, reserved 1114112K
  class space    used 9346K, committed 9600K, reserved 1048576K
}
Event: 5.593 GC heap after
{Heap after GC invocations=14 (full 0):
 garbage-first heap   total 65536K, used 27980K [0x00000000c3200000, 0x0000000100000000)
  region size 1024K, 2 young (2048K), 2 survivors (2048K)
 Metaspace       used 68908K, committed 69568K, reserved 1114112K
  class space    used 9346K, committed 9600K, reserved 1048576K
}
Event: 6.280 GC heap before
{Heap before GC invocations=14 (full 0):
 garbage-first heap   total 65536K, used 57676K [0x00000000c3200000, 0x0000000100000000)
  region size 1024K, 31 young (31744K), 2 survivors (2048K)
 Metaspace       used 74900K, committed 75584K, reserved 1179648K
  class space    used 10191K, committed 10496K, reserved 1048576K
}
Event: 6.285 GC heap after
{Heap after GC invocations=15 (full 0):
 garbage-first heap   total 65536K, used 30284K [0x00000000c3200000, 0x0000000100000000)
  region size 1024K, 4 young (4096K), 4 survivors (4096K)
 Metaspace       used 74900K, committed 75584K, reserved 1179648K
  class space    used 10191K, committed 10496K, reserved 1048576K
}
Event: 6.742 GC heap before
{Heap before GC invocations=15 (full 0):
 garbage-first heap   total 65536K, used 56908K [0x00000000c3200000, 0x0000000100000000)
  region size 1024K, 30 young (30720K), 4 survivors (4096K)
 Metaspace       used 78835K, committed 79552K, reserved 1179648K
  class space    used 10749K, committed 11072K, reserved 1048576K
}
Event: 6.747 GC heap after
{Heap after GC invocations=16 (full 0):
 garbage-first heap   total 65536K, used 33049K [0x00000000c3200000, 0x0000000100000000)
  region size 1024K, 3 young (3072K), 3 survivors (3072K)
 Metaspace       used 78835K, committed 79552K, reserved 1179648K
  class space    used 10749K, committed 11072K, reserved 1048576K
}

Dll operation events (10 events):
Event: 0.030 Loaded shared library C:\Users\Kartik Verma\eclipse\plugins\org.eclipse.justj.openjdk.hotspot.jre.full.win32.x86_64_21.0.8.v20250724-1412\jre\bin\java.dll
Event: 0.068 Loaded shared library C:\Users\Kartik Verma\eclipse\plugins\org.eclipse.justj.openjdk.hotspot.jre.full.win32.x86_64_21.0.8.v20250724-1412\jre\bin\zip.dll
Event: 0.164 Loaded shared library C:\Users\Kartik Verma\eclipse\plugins\org.eclipse.justj.openjdk.hotspot.jre.full.win32.x86_64_21.0.8.v20250724-1412\jre\bin\net.dll
Event: 0.167 Loaded shared library C:\Users\Kartik Verma\eclipse\plugins\org.eclipse.justj.openjdk.hotspot.jre.full.win32.x86_64_21.0.8.v20250724-1412\jre\bin\nio.dll
Event: 0.169 Loaded shared library C:\Users\Kartik Verma\eclipse\plugins\org.eclipse.justj.openjdk.hotspot.jre.full.win32.x86_64_21.0.8.v20250724-1412\jre\bin\zip.dll
Event: 0.253 Loaded shared library C:\Users\Kartik Verma\eclipse\plugins\org.eclipse.justj.openjdk.hotspot.jre.full.win32.x86_64_21.0.8.v20250724-1412\jre\bin\jimage.dll
Event: 1.401 Loaded shared library C:\Users\Kartik Verma\eclipse\plugins\org.eclipse.justj.openjdk.hotspot.jre.full.win32.x86_64_21.0.8.v20250724-1412\jre\bin\sunmscapi.dll
Event: 2.833 Loaded shared library C:\Users\Kartik Verma\eclipse\plugins\org.eclipse.justj.openjdk.hotspot.jre.full.win32.x86_64_21.0.8.v20250724-1412\jre\bin\management.dll
Event: 2.837 Loaded shared library C:\Users\Kartik Verma\eclipse\plugins\org.eclipse.justj.openjdk.hotspot.jre.full.win32.x86_64_21.0.8.v20250724-1412\jre\bin\management_ext.dll
Event: 4.004 Loaded shared library C:\Users\Kartik Verma\eclipse\plugins\org.eclipse.justj.openjdk.hotspot.jre.full.win32.x86_64_21.0.8.v20250724-1412\jre\bin\extnet.dll

Deoptimization events (20 events):
Event: 34.158 Thread 0x00000278ea42d5a0 Uncommon trap: trap_request=0xffffffc6 fr.pc=0x00000278d62404b0 relative=0x0000000000001290
Event: 34.158 Thread 0x00000278ea42d5a0 Uncommon trap: reason=bimorphic_or_optimized_type_check action=maybe_recompile pc=0x00000278d62404b0 method=java.util.concurrent.ConcurrentHashMap.putVal(Ljava/lang/Object;Ljava/lang/Object;Z)Ljava/lang/Object; @ 242 c2
Event: 34.158 Thread 0x00000278ea42d5a0 DEOPT PACKING pc=0x00000278d62404b0 sp=0x000000b0e95fabe0
Event: 34.158 Thread 0x00000278ea42d5a0 DEOPT UNPACKING pc=0x00000278d5ba46a2 sp=0x000000b0e95fab60 mode 2
Event: 34.167 Thread 0x00000278ea42d5a0 Uncommon trap: trap_request=0xffffff45 fr.pc=0x00000278d64276e8 relative=0x0000000000000728
Event: 34.167 Thread 0x00000278ea42d5a0 Uncommon trap: reason=unstable_if action=reinterpret pc=0x00000278d64276e8 method=java.lang.reflect.Executable.declaredAnnotations()Ljava/util/Map; @ 19 c2
Event: 34.167 Thread 0x00000278ea42d5a0 DEOPT PACKING pc=0x00000278d64276e8 sp=0x000000b0e95fb440
Event: 34.167 Thread 0x00000278ea42d5a0 DEOPT UNPACKING pc=0x00000278d5ba46a2 sp=0x000000b0e95fb328 mode 2
Event: 34.167 Thread 0x00000278ea42ae40 Uncommon trap: trap_request=0xffffff45 fr.pc=0x00000278d62621b0 relative=0x0000000000000410
Event: 34.168 Thread 0x00000278ea42ae40 Uncommon trap: reason=unstable_if action=reinterpret pc=0x00000278d62621b0 method=java.lang.reflect.Executable.declaredAnnotations()Ljava/util/Map; @ 19 c2
Event: 34.168 Thread 0x00000278ea42ae40 DEOPT PACKING pc=0x00000278d62621b0 sp=0x000000b0e96fb120
Event: 34.168 Thread 0x00000278ea42ae40 DEOPT UNPACKING pc=0x00000278d5ba46a2 sp=0x000000b0e96fb0c8 mode 2
Event: 34.180 Thread 0x00000278ea42ae40 Uncommon trap: trap_request=0xffffff45 fr.pc=0x00000278d6240214 relative=0x0000000000000ff4
Event: 34.180 Thread 0x00000278ea42ae40 Uncommon trap: reason=unstable_if action=reinterpret pc=0x00000278d6240214 method=java.util.concurrent.ConcurrentHashMap.putVal(Ljava/lang/Object;Ljava/lang/Object;Z)Ljava/lang/Object; @ 97 c2
Event: 34.180 Thread 0x00000278ea42ae40 DEOPT PACKING pc=0x00000278d6240214 sp=0x000000b0e96fb4b0
Event: 34.180 Thread 0x00000278ea42ae40 DEOPT UNPACKING pc=0x00000278d5ba46a2 sp=0x000000b0e96fb448 mode 2
Event: 34.190 Thread 0x00000278ea42ae40 Uncommon trap: trap_request=0xffffff54 fr.pc=0x00000278d61a60a0 relative=0x00000000000015e0
Event: 34.190 Thread 0x00000278ea42ae40 Uncommon trap: reason=speculate_null_assert action=make_not_entrant pc=0x00000278d61a60a0 method=jdk.internal.util.ReferencedKeyMap.internKey(Ljdk/internal/util/ReferencedKeyMap;Ljava/lang/Object;)Ljava/lang/Object; @ 28 c2
Event: 34.190 Thread 0x00000278ea42ae40 DEOPT PACKING pc=0x00000278d61a60a0 sp=0x000000b0e96fa530
Event: 34.190 Thread 0x00000278ea42ae40 DEOPT UNPACKING pc=0x00000278d5ba46a2 sp=0x000000b0e96fa400 mode 2

Classes loaded (20 events):
Event: 30.890 Loading class java/nio/channels/SelectionKey
Event: 30.898 Loading class java/nio/channels/SelectionKey done
Event: 30.898 Loading class java/nio/channels/spi/AbstractSelectionKey done
Event: 30.898 Loading class sun/nio/ch/SelectionKeyImpl done
Event: 30.905 Loading class java/lang/invoke/ConstantBootstraps
Event: 30.924 Loading class java/lang/invoke/ConstantBootstraps done
Event: 31.591 Loading class sun/nio/cs/ThreadLocalCoders
Event: 31.595 Loading class sun/nio/cs/ThreadLocalCoders done
Event: 31.595 Loading class sun/nio/cs/ThreadLocalCoders$1
Event: 31.597 Loading class sun/nio/cs/ThreadLocalCoders$Cache
Event: 31.597 Loading class sun/nio/cs/ThreadLocalCoders$Cache done
Event: 31.597 Loading class sun/nio/cs/ThreadLocalCoders$1 done
Event: 31.597 Loading class sun/nio/cs/ThreadLocalCoders$2
Event: 31.598 Loading class sun/nio/cs/ThreadLocalCoders$2 done
Event: 32.825 Loading class java/time/format/DateTimeFormatterBuilder$ZoneTextPrinterParser
Event: 32.833 Loading class java/time/format/DateTimeFormatterBuilder$ZoneTextPrinterParser done
Event: 32.833 Loading class java/time/format/DateTimeFormatterBuilder$ReducedPrinterParser
Event: 32.837 Loading class java/time/format/DateTimeFormatterBuilder$ReducedPrinterParser done
Event: 34.425 Loading class java/util/regex/Pattern$Bound
Event: 34.427 Loading class java/util/regex/Pattern$Bound done

Classes unloaded (0 events):
No events

Classes redefined (0 events):
No events

Internal exceptions (20 events):
Event: 5.982 Thread 0x00000278cac8b0d0 Exception <a 'java/lang/IncompatibleClassChangeError'{0x00000000c6489f18}: Found class java.lang.Object, but interface was expected> (0x00000000c6489f18) 
thrown [s\src\hotspot\share\interpreter\linkResolver.cpp, line 840]
Event: 6.148 Thread 0x00000278cac8b0d0 Exception <a 'java/lang/IncompatibleClassChangeError'{0x00000000c5b37878}: Found class java.lang.Object, but interface was expected> (0x00000000c5b37878) 
thrown [s\src\hotspot\share\interpreter\linkResolver.cpp, line 840]
Event: 6.262 Thread 0x00000278cac8b0d0 Exception <a 'java/lang/NoSuchMethodError'{0x00000000c56dce00}: 'java.lang.Object java.lang.invoke.DirectMethodHandle$Holder.newInvokeSpecial(java.lang.Object, java.lang.Object, java.lang.Object, java.lang.Object, java.lang.Object, java.lang.Object, java.lang.Object, java.lang.Object, java.lang.Object, java.lang.Object, java.lang.Object)'> (0x00000000c56dce00) 
thrown [s\src\hotspot\share\interpreter\linkResolver.cpp, line 773]
Event: 6.309 Thread 0x00000278cac8b0d0 Exception <a 'java/lang/NoSuchMethodError'{0x00000000c705b910}: 'java.lang.Object java.lang.invoke.DirectMethodHandle$Holder.invokeVirtual(java.lang.Object, java.lang.Object, java.lang.Object, int)'> (0x00000000c705b910) 
thrown [s\src\hotspot\share\interpreter\linkResolver.cpp, line 773]
Event: 6.513 Thread 0x00000278cac8b0d0 Exception <a 'java/lang/NoSuchMethodError'{0x00000000c64ddca0}: 'java.lang.Object java.lang.invoke.DirectMethodHandle$Holder.invokeInterface(java.lang.Object, java.lang.Object, java.lang.Object, java.lang.Object)'> (0x00000000c64ddca0) 
thrown [s\src\hotspot\share\interpreter\linkResolver.cpp, line 773]
Event: 6.550 Thread 0x00000278cac8b0d0 Exception <a 'java/lang/NoSuchMethodError'{0x00000000c6114090}: 'java.lang.Object java.lang.invoke.DirectMethodHandle$Holder.invokeVirtual(java.lang.Object, java.lang.Object, int)'> (0x00000000c6114090) 
thrown [s\src\hotspot\share\interpreter\linkResolver.cpp, line 773]
Event: 6.607 Thread 0x00000278cac8b0d0 Exception <a 'java/lang/IncompatibleClassChangeError'{0x00000000c5e4b1d8}: Found class java.lang.Object, but interface was expected> (0x00000000c5e4b1d8) 
thrown [s\src\hotspot\share\interpreter\linkResolver.cpp, line 840]
Event: 6.676 Thread 0x00000278cac8b0d0 Exception <a 'java/lang/NoSuchMethodError'{0x00000000c5bdd510}: 'int java.lang.invoke.DirectMethodHandle$Holder.invokeStaticInit(java.lang.Object, java.lang.Object, java.lang.Object, java.lang.Object)'> (0x00000000c5bdd510) 
thrown [s\src\hotspot\share\interpreter\linkResolver.cpp, line 773]
Event: 6.725 Thread 0x00000278cac8b0d0 Exception <a 'java/lang/IncompatibleClassChangeError'{0x00000000c5855f18}: Found class java.lang.Object, but interface was expected> (0x00000000c5855f18) 
thrown [s\src\hotspot\share\interpreter\linkResolver.cpp, line 840]
Event: 6.731 Thread 0x00000278cac8b0d0 Implicit null exception at 0x00000278d620cdc4 to 0x00000278d620ce44
Event: 6.791 Thread 0x00000278cac8b0d0 Exception <a 'java/lang/NoSuchMethodError'{0x00000000c70e54a8}: 'java.lang.Object java.lang.invoke.DirectMethodHandle$Holder.newInvokeSpecial(java.lang.Object, java.lang.Object, int, java.lang.Object, java.lang.Object)'> (0x00000000c70e54a8) 
thrown [s\src\hotspot\share\interpreter\linkResolver.cpp, line 773]
Event: 6.791 Thread 0x00000278cac8b0d0 Exception <a 'java/lang/NoSuchMethodError'{0x00000000c70e93a0}: 'java.lang.Object java.lang.invoke.DirectMethodHandle$Holder.invokeSpecial(java.lang.Object, java.lang.Object, java.lang.Object, int, java.lang.Object, java.lang.Object)'> (0x00000000c70e93a0) 
thrown [s\src\hotspot\share\interpreter\linkResolver.cpp, line 773]
Event: 30.519 Thread 0x00000278ea42f670 Exception <a 'java/lang/NoSuchMethodError'{0x00000000c6c02fe8}: 'java.lang.Object java.lang.invoke.DirectMethodHandle$Holder.invokeStatic(java.lang.Object, java.lang.Object, java.lang.Object, int, int)'> (0x00000000c6c02fe8) 
thrown [s\src\hotspot\share\interpreter\linkResolver.cpp, line 773]
Event: 30.573 Thread 0x00000278ea42f670 Exception <a 'java/lang/NoSuchMethodError'{0x00000000c6c06750}: 'java.lang.Object java.lang.invoke.DirectMethodHandle$Holder.invokeStaticInit(java.lang.Object, java.lang.Object, java.lang.Object, int, int)'> (0x00000000c6c06750) 
thrown [s\src\hotspot\share\interpreter\linkResolver.cpp, line 773]
Event: 31.511 Thread 0x00000278ea42d5a0 Exception <a 'java/lang/NoSuchMethodError'{0x00000000c6b119e0}: 'java.lang.Object java.lang.invoke.DirectMethodHandle$Holder.invokeSpecial(java.lang.Object, java.lang.Object, java.lang.Object, java.lang.Object, java.lang.Object, long)'> (0x00000000c6b119e0) 
thrown [s\src\hotspot\share\interpreter\linkResolver.cpp, line 773]
Event: 31.514 Thread 0x00000278ea42d5a0 Exception <a 'java/lang/NoSuchMethodError'{0x00000000c6b15218}: 'java.lang.Object java.lang.invoke.Invokers$Holder.linkToTargetMethod(java.lang.Object, java.lang.Object, java.lang.Object, long, java.lang.Object)'> (0x00000000c6b15218) 
thrown [s\src\hotspot\share\interpreter\linkResolver.cpp, line 773]
Event: 34.192 Thread 0x00000278ea42ae40 Exception <a 'java/lang/IncompatibleClassChangeError'{0x00000000c6729ab8}: Found class java.lang.Object, but interface was expected> (0x00000000c6729ab8) 
thrown [s\src\hotspot\share\interpreter\linkResolver.cpp, line 840]
Event: 34.192 Thread 0x00000278ea42d5a0 Exception <a 'java/lang/IncompatibleClassChangeError'{0x00000000c6719ad8}: Found class java.lang.Object, but interface was expected> (0x00000000c6719ad8) 
thrown [s\src\hotspot\share\interpreter\linkResolver.cpp, line 840]
Event: 34.334 Thread 0x00000278ea42d5a0 Exception <a 'java/lang/NoSuchMethodError'{0x00000000c67ddf30}: 'java.lang.Object java.lang.invoke.DirectMethodHandle$Holder.invokeInterface(java.lang.Object, java.lang.Object, java.lang.Object, java.lang.Object, java.lang.Object)'> (0x00000000c67ddf30) 
thrown [s\src\hotspot\share\interpreter\linkResolver.cpp, line 773]
Event: 34.383 Thread 0x00000278ea42d5a0 Exception <a 'java/lang/NoSuchMethodError'{0x00000000c66acce0}: 'void java.lang.invoke.DirectMethodHandle$Holder.invokeSpecialIFC(java.lang.Object, java.lang.Object, int, java.lang.Object, java.lang.Object, java.lang.Object, java.lang.Object)'> (0x00000000c66acce0) 
thrown [s\src\hotspot\share\interpreter\linkResolver.cpp, line 773]

ZGC Phase Switch (0 events):
No events

VM Operations (20 events):
Event: 6.614 Executing VM operation: HandshakeAllThreads (Deoptimize)
Event: 6.614 Executing VM operation: HandshakeAllThreads (Deoptimize) done
Event: 6.658 Executing VM operation: HandshakeAllThreads (Deoptimize)
Event: 6.658 Executing VM operation: HandshakeAllThreads (Deoptimize) done
Event: 6.742 Executing VM operation: G1CollectForAllocation (G1 Evacuation Pause)
Event: 6.747 Executing VM operation: G1CollectForAllocation (G1 Evacuation Pause) done
Event: 7.760 Executing VM operation: Cleanup
Event: 7.760 Executing VM operation: Cleanup done
Event: 8.773 Executing VM operation: Cleanup
Event: 8.773 Executing VM operation: Cleanup done
Event: 32.004 Executing VM operation: Cleanup
Event: 32.065 Executing VM operation: Cleanup done
Event: 32.065 Executing VM operation: HandshakeAllThreads (Deoptimize)
Event: 32.070 Executing VM operation: HandshakeAllThreads (Deoptimize) done
Event: 33.071 Executing VM operation: Cleanup
Event: 33.072 Executing VM operation: Cleanup done
Event: 34.080 Executing VM operation: Cleanup
Event: 34.140 Executing VM operation: Cleanup done
Event: 35.150 Executing VM operation: Cleanup
Event: 35.151 Executing VM operation: Cleanup done

Memory protections (0 events):
No events

Nmethod flushes (20 events):
Event: 5.003 Thread 0x00000278e1a85060 flushing  nmethod 0x00000278cea33b90
Event: 5.003 Thread 0x00000278e1a85060 flushing  nmethod 0x00000278cea35a90
Event: 5.003 Thread 0x00000278e1a85060 flushing  nmethod 0x00000278cea36f10
Event: 5.003 Thread 0x00000278e1a85060 flushing  nmethod 0x00000278cea38590
Event: 5.003 Thread 0x00000278e1a85060 flushing  nmethod 0x00000278cea53d10
Event: 5.003 Thread 0x00000278e1a85060 flushing  nmethod 0x00000278cea89a90
Event: 5.003 Thread 0x00000278e1a85060 flushing  nmethod 0x00000278cea8af10
Event: 5.003 Thread 0x00000278e1a85060 flushing  nmethod 0x00000278cead5590
Event: 5.003 Thread 0x00000278e1a85060 flushing  nmethod 0x00000278cead7910
Event: 5.003 Thread 0x00000278e1a85060 flushing  nmethod 0x00000278cead9490
Event: 5.003 Thread 0x00000278e1a85060 flushing  nmethod 0x00000278cead9f10
Event: 5.003 Thread 0x00000278e1a85060 flushing  nmethod 0x00000278cebc3690
Event: 5.003 Thread 0x00000278e1a85060 flushing  nmethod 0x00000278cebc7190
Event: 5.003 Thread 0x00000278e1a85060 flushing  nmethod 0x00000278cebc9410
Event: 5.003 Thread 0x00000278e1a85060 flushing  nmethod 0x00000278cebca390
Event: 5.003 Thread 0x00000278e1a85060 flushing  nmethod 0x00000278cec1a090
Event: 5.003 Thread 0x00000278e1a85060 flushing  nmethod 0x00000278cecff290
Event: 5.003 Thread 0x00000278e1a85060 flushing  nmethod 0x00000278ced00f10
Event: 5.003 Thread 0x00000278e1a85060 flushing  nmethod 0x00000278ced11b10
Event: 5.003 Thread 0x00000278e1a85060 flushing  nmethod 0x00000278cee23110

Events (20 events):
Event: 2.984 Thread 0x00000278cac8b0d0 Thread added: 0x00000278e1c03fb0
Event: 3.021 Thread 0x00000278cac8b0d0 Thread added: 0x00000278e1c00b30
Event: 4.393 Thread 0x00000278cac8b0d0 Thread added: 0x00000278e1c02570
Event: 4.502 Thread 0x00000278e1c02570 Thread added: 0x00000278e1c011c0
Event: 6.801 Thread 0x00000278cac8b0d0 Thread added: 0x00000278ea42d5a0
Event: 6.801 Thread 0x00000278cac8b0d0 Thread added: 0x00000278ea42ae40
Event: 6.801 Thread 0x00000278cac8b0d0 Thread added: 0x00000278ea42b4d0
Event: 6.801 Thread 0x00000278cac8b0d0 Thread added: 0x00000278ea42e950
Event: 6.801 Thread 0x00000278cac8b0d0 Thread added: 0x00000278ea42e2c0
Event: 6.801 Thread 0x00000278cac8b0d0 Thread added: 0x00000278ea42c1f0
Event: 6.801 Thread 0x00000278cac8b0d0 Thread added: 0x00000278ea42efe0
Event: 6.801 Thread 0x00000278cac8b0d0 Thread added: 0x00000278ea42bb60
Event: 6.802 Thread 0x00000278cac8b0d0 Thread added: 0x00000278ea42fd00
Event: 6.802 Thread 0x00000278cac8b0d0 Thread added: 0x00000278ea42cf10
Event: 6.826 Thread 0x00000278cac8b0d0 Thread added: 0x00000278ea42c880
Event: 6.828 Thread 0x00000278cac8b0d0 Thread added: 0x00000278ea42f670
Event: 6.844 Thread 0x00000278cac8b0d0 Thread exited: 0x00000278cac8b0d0
Event: 6.844 Thread 0x00000278ea430a20 Thread added: 0x00000278ea430a20
Event: 9.970 Thread 0x00000278e1c011c0 Thread exited: 0x00000278e1c011c0
Event: 34.206 Thread 0x00000278ea42ae40 Thread added: 0x00000278ea430390


Dynamic libraries:
0x00007ff649e80000 - 0x00007ff649e8e000 	C:\Users\Kartik Verma\eclipse\plugins\org.eclipse.justj.openjdk.hotspot.jre.full.win32.x86_64_21.0.8.v20250724-1412\jre\bin\javaw.exe
0x00007ffbb3c00000 - 0x00007ffbb3e67000 	C:\WINDOWS\SYSTEM32\ntdll.dll
0x00007ffbb2df0000 - 0x00007ffbb2eb9000 	C:\WINDOWS\System32\KERNEL32.DLL
0x00007ffbb0820000 - 0x00007ffbb0c14000 	C:\WINDOWS\System32\KERNELBASE.dll
0x00007ffbb1760000 - 0x00007ffbb18ab000 	C:\WINDOWS\System32\ucrtbase.dll
0x00007ffbad820000 - 0x00007ffbad838000 	C:\Users\Kartik Verma\eclipse\plugins\org.eclipse.justj.openjdk.hotspot.jre.full.win32.x86_64_21.0.8.v20250724-1412\jre\bin\jli.dll
0x00007ffbab4e0000 - 0x00007ffbab4fe000 	C:\Users\Kartik Verma\eclipse\plugins\org.eclipse.justj.openjdk.hotspot.jre.full.win32.x86_64_21.0.8.v20250724-1412\jre\bin\VCRUNTIME140.dll
0x00007ffbb2ec0000 - 0x00007ffbb3085000 	C:\WINDOWS\System32\USER32.dll
0x00007ffb9c030000 - 0x00007ffb9c2c3000 	C:\WINDOWS\WinSxS\amd64_microsoft.windows.common-controls_6595b64144ccf1df_6.0.26100.8115_none_3e075c82e3354f9c\COMCTL32.dll
0x00007ffbb18b0000 - 0x00007ffbb18d7000 	C:\WINDOWS\System32\win32u.dll
0x00007ffbb2370000 - 0x00007ffbb2419000 	C:\WINDOWS\System32\msvcrt.dll
0x00007ffbb2240000 - 0x00007ffbb226b000 	C:\WINDOWS\System32\GDI32.dll
0x00007ffbb04d0000 - 0x00007ffbb05fb000 	C:\WINDOWS\System32\gdi32full.dll
0x00007ffbb18e0000 - 0x00007ffbb1983000 	C:\WINDOWS\System32\msvcp_win.dll
0x00007ffbb3b20000 - 0x00007ffbb3b52000 	C:\WINDOWS\System32\IMM32.DLL
0x00007ffbad850000 - 0x00007ffbad85c000 	C:\Users\Kartik Verma\eclipse\plugins\org.eclipse.justj.openjdk.hotspot.jre.full.win32.x86_64_21.0.8.v20250724-1412\jre\bin\vcruntime140_1.dll
0x00007ffb9e6f0000 - 0x00007ffb9e77d000 	C:\Users\Kartik Verma\eclipse\plugins\org.eclipse.justj.openjdk.hotspot.jre.full.win32.x86_64_21.0.8.v20250724-1412\jre\bin\msvcp140.dll
0x00007ffb4bc00000 - 0x00007ffb4c997000 	C:\Users\Kartik Verma\eclipse\plugins\org.eclipse.justj.openjdk.hotspot.jre.full.win32.x86_64_21.0.8.v20250724-1412\jre\bin\server\jvm.dll
0x00007ffbb2c20000 - 0x00007ffbb2cd6000 	C:\WINDOWS\System32\ADVAPI32.dll
0x00007ffbb2270000 - 0x00007ffbb2317000 	C:\WINDOWS\System32\sechost.dll
0x00007ffbb3970000 - 0x00007ffbb3a88000 	C:\WINDOWS\System32\RPCRT4.dll
0x00007ffbb3a90000 - 0x00007ffbb3b10000 	C:\WINDOWS\System32\WS2_32.dll
0x00007ffbb0330000 - 0x00007ffbb038e000 	C:\WINDOWS\SYSTEM32\POWRPROF.dll
0x00007ffba74d0000 - 0x00007ffba74db000 	C:\WINDOWS\SYSTEM32\VERSION.dll
0x00007ffb9f410000 - 0x00007ffb9f446000 	C:\WINDOWS\SYSTEM32\WINMM.dll
0x00007ffbb0310000 - 0x00007ffbb0324000 	C:\WINDOWS\SYSTEM32\UMPDC.dll
0x00007ffbaf260000 - 0x00007ffbaf27b000 	C:\WINDOWS\SYSTEM32\kernel.appcore.dll
0x00007ffb7ff70000 - 0x00007ffb7ff7a000 	C:\Users\Kartik Verma\eclipse\plugins\org.eclipse.justj.openjdk.hotspot.jre.full.win32.x86_64_21.0.8.v20250724-1412\jre\bin\jimage.dll
0x00007ffbaded0000 - 0x00007ffbae112000 	C:\WINDOWS\SYSTEM32\DBGHELP.DLL
0x00007ffbb1af0000 - 0x00007ffbb1e72000 	C:\WINDOWS\System32\combase.dll
0x00007ffbb2d10000 - 0x00007ffbb2de8000 	C:\WINDOWS\System32\OLEAUT32.dll
0x00007ffb9a770000 - 0x00007ffb9a7ab000 	C:\WINDOWS\SYSTEM32\dbgcore.DLL
0x00007ffbb0770000 - 0x00007ffbb0815000 	C:\WINDOWS\System32\bcryptPrimitives.dll
0x00007ffb5a440000 - 0x00007ffb5a45f000 	C:\Users\Kartik Verma\eclipse\plugins\org.eclipse.justj.openjdk.hotspot.jre.full.win32.x86_64_21.0.8.v20250724-1412\jre\bin\java.dll
0x00007ffbb2420000 - 0x00007ffbb2b87000 	C:\WINDOWS\System32\SHELL32.dll
0x00007ffbb0600000 - 0x00007ffbb076a000 	C:\WINDOWS\System32\wintypes.dll
0x00007ffbb0ef0000 - 0x00007ffbb1758000 	C:\WINDOWS\System32\windows.storage.dll
0x00007ffbb1f10000 - 0x00007ffbb2008000 	C:\WINDOWS\System32\SHCORE.dll
0x00007ffbb3280000 - 0x00007ffbb32e6000 	C:\WINDOWS\System32\shlwapi.dll
0x00007ffbb03f0000 - 0x00007ffbb0419000 	C:\WINDOWS\SYSTEM32\profapi.dll
0x00007ffb5a420000 - 0x00007ffb5a438000 	C:\Users\Kartik Verma\eclipse\plugins\org.eclipse.justj.openjdk.hotspot.jre.full.win32.x86_64_21.0.8.v20250724-1412\jre\bin\zip.dll
0x00007ffb5a140000 - 0x00007ffb5a150000 	C:\Users\Kartik Verma\eclipse\plugins\org.eclipse.justj.openjdk.hotspot.jre.full.win32.x86_64_21.0.8.v20250724-1412\jre\bin\net.dll
0x00007ffba70d0000 - 0x00007ffba71fd000 	C:\WINDOWS\SYSTEM32\WINHTTP.dll
0x00007ffbaf7d0000 - 0x00007ffbaf83c000 	C:\WINDOWS\system32\mswsock.dll
0x00007ffb5a120000 - 0x00007ffb5a136000 	C:\Users\Kartik Verma\eclipse\plugins\org.eclipse.justj.openjdk.hotspot.jre.full.win32.x86_64_21.0.8.v20250724-1412\jre\bin\nio.dll
0x00007ffb54d10000 - 0x00007ffb54d1e000 	C:\Users\Kartik Verma\eclipse\plugins\org.eclipse.justj.openjdk.hotspot.jre.full.win32.x86_64_21.0.8.v20250724-1412\jre\bin\sunmscapi.dll
0x00007ffbb0d70000 - 0x00007ffbb0ee7000 	C:\WINDOWS\System32\CRYPT32.dll
0x00007ffbafcd0000 - 0x00007ffbafd00000 	C:\WINDOWS\SYSTEM32\ncrypt.dll
0x00007ffbafc80000 - 0x00007ffbafcbf000 	C:\WINDOWS\SYSTEM32\NTASN1.dll
0x00007ffbafab0000 - 0x00007ffbafacb000 	C:\WINDOWS\SYSTEM32\CRYPTSP.dll
0x00007ffbaf1c0000 - 0x00007ffbaf1f9000 	C:\WINDOWS\system32\rsaenh.dll
0x00007ffbaf880000 - 0x00007ffbaf8b3000 	C:\WINDOWS\SYSTEM32\USERENV.dll
0x00007ffbb03c0000 - 0x00007ffbb03ea000 	C:\WINDOWS\SYSTEM32\bcrypt.dll
0x00007ffbafad0000 - 0x00007ffbafadc000 	C:\WINDOWS\SYSTEM32\CRYPTBASE.dll
0x00007ffbaedb0000 - 0x00007ffbaede2000 	C:\WINDOWS\SYSTEM32\IPHLPAPI.DLL
0x00007ffbb2010000 - 0x00007ffbb201a000 	C:\WINDOWS\System32\NSI.dll
0x00007ffbad770000 - 0x00007ffbad77a000 	C:\Users\Kartik Verma\eclipse\plugins\org.eclipse.justj.openjdk.hotspot.jre.full.win32.x86_64_21.0.8.v20250724-1412\jre\bin\management.dll
0x00007ffbab4c0000 - 0x00007ffbab4cb000 	C:\Users\Kartik Verma\eclipse\plugins\org.eclipse.justj.openjdk.hotspot.jre.full.win32.x86_64_21.0.8.v20250724-1412\jre\bin\management_ext.dll
0x00007ffbb34d0000 - 0x00007ffbb34d8000 	C:\WINDOWS\System32\PSAPI.DLL
0x00007ffbaedf0000 - 0x00007ffbaef22000 	C:\WINDOWS\SYSTEM32\DNSAPI.dll
0x00007ffba78b0000 - 0x00007ffba78bb000 	C:\Windows\System32\rasadhlp.dll
0x00007ffba9f90000 - 0x00007ffbaa016000 	C:\WINDOWS\System32\fwpuclnt.dll
0x00007ffb99ef0000 - 0x00007ffb99ef9000 	C:\Users\Kartik Verma\eclipse\plugins\org.eclipse.justj.openjdk.hotspot.jre.full.win32.x86_64_21.0.8.v20250724-1412\jre\bin\extnet.dll
0x00007ffba8530000 - 0x00007ffba8538000 	C:\WINDOWS\system32\wshunix.dll

JVMTI agents: none

dbghelp: loaded successfully - version: 4.0.5 - missing functions: none
symbol engine: initialized successfully - sym options: 0x614 - pdb path: .;C:\Users\Kartik Verma\eclipse\plugins\org.eclipse.justj.openjdk.hotspot.jre.full.win32.x86_64_21.0.8.v20250724-1412\jre\bin;C:\WINDOWS\SYSTEM32;C:\WINDOWS\WinSxS\amd64_microsoft.windows.common-controls_6595b64144ccf1df_6.0.26100.8115_none_3e075c82e3354f9c;C:\Users\Kartik Verma\eclipse\plugins\org.eclipse.justj.openjdk.hotspot.jre.full.win32.x86_64_21.0.8.v20250724-1412\jre\bin\server

VM Arguments:
jvm_args: -Dfile.encoding=UTF-8 -Dstdout.encoding=UTF-8 -Dstderr.encoding=UTF-8 -XX:+ShowCodeDetailsInExceptionMessages 
java_command: com.Infosys.ecommerceApplication.EcommerceApplication
java_class_path (initial): C:\Users\Kartik Verma\git\ShopSphere\ecommerceApplication\target\classes;C:\Users\Kartik Verma\.m2\repository\org\springframework\boot\spring-boot-starter-web\4.0.5\spring-boot-starter-web-4.0.5.jar;C:\Users\Kartik Verma\.m2\repository\org\springframework\boot\spring-boot-starter-jackson\4.0.5\spring-boot-starter-jackson-4.0.5.jar;C:\Users\Kartik Verma\.m2\repository\org\springframework\boot\spring-boot-jackson\4.0.5\spring-boot-jackson-4.0.5.jar;C:\Users\Kartik Verma\.m2\repository\tools\jackson\core\jackson-databind\3.1.0\jackson-databind-3.1.0.jar;C:\Users\Kartik Verma\.m2\repository\tools\jackson\core\jackson-core\3.1.0\jackson-core-3.1.0.jar;C:\Users\Kartik Verma\.m2\repository\org\springframework\boot\spring-boot-starter-tomcat\4.0.5\spring-boot-starter-tomcat-4.0.5.jar;C:\Users\Kartik Verma\.m2\repository\org\springframework\boot\spring-boot-starter-tomcat-runtime\4.0.5\spring-boot-starter-tomcat-runtime-4.0.5.jar;C:\Users\Kartik Verma\.m2\repository\org\springframework\boot\spring-boot-web-server\4.0.5\spring-boot-web-server-4.0.5.jar;C:\Users\Kartik Verma\.m2\repository\org\apache\tomcat\embed\tomcat-embed-core\11.0.20\tomcat-embed-core-11.0.20.jar;C:\Users\Kartik Verma\.m2\repository\org\apache\tomcat\embed\tomcat-embed-websocket\11.0.20\tomcat-embed-websocket-11.0.20.jar;C:\Users\Kartik Verma\.m2\repository\org\springframework\boot\spring-boot-tomcat\4.0.5\spring-boot-tomcat-4.0.5.jar;C:\Users\Kartik Verma\.m2\repository\org\springframework\boot\spring-boot-http-converter\4.0.5\spring-boot-http-converter-4.0.5.jar;C:\Users\Kartik Verma\.m2\repository\org\springframework\boot\spring-boot\4.0.5\spring-boot-4.0.5.jar;C:\Users\Kartik Verma\.m2\repository\org\springframework\spring-context\7.0.6\spring-context-7.0.6.jar;C:\Users\Kartik Verma\.m2\repository\org\springframework\spring-web\7.0.6\spring-web-7.0.6.jar;C:\Users\Kartik Verma\.m2\repository\io\micrometer\micrometer-observation\1.16.4\micrometer-observation-1.16.4.jar;C:\Users\Kartik Verma\.m2\repository\io\micrometer\micrometer-commons\1.16.4\micrometer-commons-1.16.4.jar;C:\Users\Kartik Verma\.m2\repository\org\springframework\boot\spring-boot-webmvc\4.0.5\spring-boot-webmvc-4.0.5.jar;C:\Users\Kartik Verma\.m2\repository\org\springframework\boot\spring-boot-servlet\4.0.5\spring-boot-servlet-4.0.5.jar;C:\Users\Kartik Verma\.m2\repository\org\springframework\spring-webmvc\7.0.6\spring-webmvc-7.0.6.jar;C:\Users\Kartik Verma\.m2\repository\org\springframework\spring-expression\7.0.6\spring-expression-7.0.6.jar;C:\Users\Kartik Verma\.m2\repository\org\springframework\boot\spring-boot-starter-data-jpa\4.0.5\spring-boot-starter-data-jpa-4.0.5.jar;C:\Users\Kartik Verma\.m2\repository\org\springframework\boot\spring-boot-starter\4.0.5\spring-boot-starter-4.0.5.jar;C:\Users\Kartik Verma\.m2\repository\org\springframework\boot\spring-boot-starter-logging\4.0.5\spring-boot-starter-logging-4.0.5.jar;C:\Users\Kartik Verma\.m2\repository\ch\qos\logback\logback-classic\1.5.32\logback-classic-1.5.32.jar;C:\Users\Kartik Verma\.m2\repository\ch\qos\logback\logback-core\1.5.32\logback-core-1.5.32.jar;C:\Users\Kartik Verma\.m2\repository\org\apache\logging\log4j\log4j-to-slf4j\2.25.3\log4j-to-slf4j-2.25.3.jar;C:\Users\Kartik Verma\.m2\repository\org\apache\logging\log4j\log4j-api\2.25.3\log4j-api-2.25.3.jar;C:\Users\Kartik Verma\.m2\repository\org\slf4j\jul-to-slf4j\2.0.17\jul-to-slf4j-2.0.17.jar;C:\Users\Kartik Verma\.m2\repository\org\springframework\boot\spring-boot-autoconfigure\4.0.5\spring-boot-autoconfigure-4.0.5.jar;C:\Users\Kartik Verma\.m2\repository\jakarta\annotation\jakarta.annotation-api\3.0.0\jakarta.annotation-api-3.0.0.jar;C:\Users\Kartik Verma\.m2\repository\org\yaml\snakeyaml\2.5\snakeyaml-2.5.jar;C:\Users\Kartik Verma\.m2\repository\org\springframework\boot\spring-boot-starter-jdbc\4.0.5\spring-boot-starter-jdbc-4.0.5.jar;C:\Users\Kartik Verma\.m2\repository\com\zaxxer\HikariCP\7.0.2\HikariCP-7.0.2.jar;C:\Users\Kartik Verma\.m2\repository\org\springframework\boot\spring-boot-data-jpa\4.0.5\spring-boot-data-jpa-4.0.5.jar;C:\Users\Kartik Verma\.m2\repository\org\springframework\boot\spring-boot-data-commons\4.0.5\spring-boot-data-commons-4.0.5.jar;C:\Users\Kartik Verma\.m2\repository\org\springframework\boot\spring-boot-persistence\4.0.5\spring-boot-persistence-4.0.5.jar;C:\Users\Kartik Verma\.m2\repository\org\springframework\data\spring-data-commons\4.0.4\spring-data-commons-4.0.4.jar;C:\Users\Kartik Verma\.m2\repository\org\springframework\boot\spring-boot-hibernate\4.0.5\spring-boot-hibernate-4.0.5.jar;C:\Users\Kartik Verma\.m2\repository\org\springframework\boot\spring-boot-jpa\4.0.5\spring-boot-jpa-4.0.5.jar;C:\Users\Kartik Verma\.m2\repository\jakarta\persistence\jakarta.persistence-api\3.2.0\jakarta.persistence-api-3.2.0.jar;C:\Users\Kartik Verma\.m2\repository\org\hibernate\orm\hibernate-core\7.2.7.Final\hibernate-core-7.2.7.Final.jar;C:\Users\Kartik Verma\.m2\repository\jakarta\transaction\jakarta.transaction-api\2.0.1\jakarta.transaction-api-2.0.1.jar;C:\Users\Kartik Verma\.m2\repository\org\hibernate\models\hibernate-models\1.0.1\hibernate-models-1.0.1.jar;C:\Users\Kartik Verma\.m2\repository\org\glassfish\jaxb\jaxb-runtime\4.0.6\jaxb-runtime-4.0.6.jar;C:\Users\Kartik Verma\.m2\repository\org\glassfish\jaxb\jaxb-core\4.0.6\jaxb-core-4.0.6.jar;C:\Users\Kartik Verma\.m2\repository\org\eclipse\angus\angus-activation\2.0.3\angus-activation-2.0.3.jar;C:\Users\Kartik Verma\.m2\repository\org\glassfish\jaxb\txw2\4.0.6\txw2-4.0.6.jar;C:\Users\Kartik Verma\.m2\repository\com\sun\istack\istack-commons-runtime\4.1.2\istack-commons-runtime-4.1.2.jar;C:\Users\Kartik Verma\.m2\repository\jakarta\inject\jakarta.inject-api\2.0.1\jakarta.inject-api-2.0.1.jar;C:\Users\Kartik Verma\.m2\repository\org\springframework\spring-orm\7.0.6\spring-orm-7.0.6.jar;C:\Users\Kartik Verma\.m2\repository\org\springframework\data\spring-data-jpa\4.0.4\spring-data-jpa-4.0.4.jar;C:\Users\Kartik Verma\.m2\repository\org\springframework\spring-tx\7.0.6\spring-tx-7.0.6.jar;C:\Users\Kartik Verma\.m2\repository\org\antlr\antlr4-runtime\4.13.2\antlr4-runtime-4.13.2.jar;C:\Users\Kartik Verma\.m2\repository\org\springframework\spring-aspects\7.0.6\spring-aspects-7.0.6.jar;C:\Users\Kartik Verma\.m2\repository\org\aspectj\aspectjweaver\1.9.25.1\aspectjweaver-1.9.25.1.jar;C:\Users\Kartik Verma\.m2\repository\org\springframework\boot\spring-boot-jdbc\4.0.5\spring-boot-jdbc-4.0.5.jar;C:\Users\Kartik Verma\.m2\repository\org\springframework\boot\spring-boot-sql\4.0.5\spring-boot-sql-4.0.5.jar;C:\Users\Kartik Verma\.m2\repository\org\springframework\boot\spring-boot-transaction\4.0.5\spring-boot-transaction-4.0.5.jar;C:\Users\Kartik Verma\.m2\repository\org\springframework\spring-jdbc\7.0.6\spring-jdbc-7.0.6.jar;C:\Users\Kartik Verma\.m2\repository\com\mysql\mysql-connector-j\9.6.0\mysql-connector-j-9.6.0.jar;C:\Users\Kartik Verma\.m2\repository\org\slf4j\slf4j-api\2.0.17\slf4j-api-2.0.17.jar;C:\Users\Kartik Verma\.m2\repository\jakarta\xml\bind\jakarta.xml.bind-api\4.0.4\jakarta.xml.bind-api-4.0.4.jar;C:\Users\Kartik Verma\.m2\repository\jakarta\activation\jakarta.activation-api\2.1.4\jakarta.activation-api-2.1.4.jar;C:\Users\Kartik Verma\.m2\repository\net\bytebuddy\byte-buddy\1.17.8\byte-buddy-1.17.8.jar;C:\Users\Kartik Verma\.m2\repository\org\springframework\spring-core\7.0.6\spring-core-7.0.6.jar;C:\Users\Kartik Verma\.m2\repository\commons-logging\commons-logging\1.3.6\commons-logging-1.3.6.jar;C:\Users\Kartik Verma\.m2\repository\org\jspecify\jspecify\1.0.0\jspecify-1.0.0.jar;C:\Users\Kartik Verma\.m2\repository\org\springframework\boot\spring-boot-starter-validation\4.0.5\spring-boot-starter-validation-4.0.5.jar;C:\Users\Kartik Verma\.m2\repository\org\springframework\boot\spring-boot-validation\4.0.5\spring-boot-validation-4.0.5.jar;C:\Users\Kartik Verma\.m2\repository\org\apache\tomcat\embed\tomcat-embed-el\11.0.20\tomcat-embed-el-11.0.20.jar;C:\Users\Kartik Verma\.m2\repository\org\hibernate\validator\hibernate-validator\9.0.1.Final\hibernate-validator-9.0.1.Final.jar;C:\Users\Kartik Verma\.m2\repository\jakarta\validation\jakarta.validation-api\3.1.1\jakarta.validation-api-3.1.1.jar;C:\Users\Kartik Verma\.m2\repository\org\jboss\logging\jboss-logging\3.6.3.Final\jboss-logging-3.6.3.Final.jar;C:\Users\Kartik Verma\.m2\repository\com\fasterxml\classmate\1.7.3\classmate-1.7.3.jar;C:\Users\Kartik Verma\.m2\repository\org\springframework\boot\spring-boot-starter-security\4.0.5\spring-boot-starter-security-4.0.5.jar;C:\Users\Kartik Verma\.m2\repository\org\springframework\boot\spring-boot-security\4.0.5\spring-boot-security-4.0.5.jar;C:\Users\Kartik Verma\.m2\repository\org\springframework\security\spring-security-config\7.0.4\spring-security-config-7.0.4.jar;C:\Users\Kartik Verma\.m2\repository\org\springframework\security\spring-security-core\7.0.4\spring-security-core-7.0.4.jar;C:\Users\Kartik Verma\.m2\repository\org\springframework\security\spring-security-web\7.0.4\spring-security-web-7.0.4.jar;C:\Users\Kartik Verma\.m2\repository\org\springframework\spring-aop\7.0.6\spring-aop-7.0.6.jar;C:\Users\Kartik Verma\.m2\repository\org\springframework\spring-beans\7.0.6\spring-beans-7.0.6.jar;C:\Users\Kartik Verma\.m2\repository\org\springframework\security\spring-security-crypto\7.0.4\spring-security-crypto-7.0.4.jar;C:\Users\Kartik Verma\.m2\repository\io\jsonwebtoken\jjwt-api\0.11.5\jjwt-api-0.11.5.jar;C:\Users\Kartik Verma\.m2\repository\io\jsonwebtoken\jjwt-impl\0.11.5\jjwt-impl-0.11.5.jar;C:\Users\Kartik Verma\.m2\repository\io\jsonwebtoken\jjwt-jackson\0.11.5\jjwt-jackson-0.11.5.jar;C:\Users\Kartik Verma\.m2\repository\com\fasterxml\jackson\core\jackson-databind\2.21.2\jackson-databind-2.21.2.jar;C:\Users\Kartik Verma\.m2\repository\com\fasterxml\jackson\core\jackson-annotations\2.21\jackson-annotations-2.21.jar;C:\Users\Kartik Verma\.m2\repository\com\fasterxml\jackson\core\jackson-core\2.21.2\jackson-core-2.21.2.jar;C:\Users\Kartik Verma\.m2\repository\com\cloudinary\cloudinary-http44\1.39.0\cloudinary-http44-1.39.0.jar;C:\Users\Kartik Verma\.m2\repository\com\cloudinary\cloudinary-core\1.39.0\cloudinary-core-1.39.0.jar;C:\Users\Kartik Verma\.m2\repository\org\apache\commons\commons-lang3\3.19.0\commons-lang3-3.19.0.jar;C:\Users\Kartik Verma\.m2\repository\org\apache\httpcomponents\httpclient\4.4\httpclient-4.4.jar;C:\Users\Kartik Verma\.m2\repository\org\apache\httpcomponents\httpcore\4.4.16\httpcore-4.4.16.jar;C:\Users\Kartik Verma\.m2\repository\commons-codec\commons-codec\1.19.0\commons-codec-1.19.0.jar;C:\Users\Kartik Verma\.m2\repository\org\apache\httpcomponents\httpmime\4.4\httpmime-4.4.jar
Launcher Type: SUN_STANDARD

[Global flags]
     intx CICompilerCount                          = 4                                         {product} {ergonomic}
     uint ConcGCThreads                            = 3                                         {product} {ergonomic}
     uint G1ConcRefinementThreads                  = 10                                        {product} {ergonomic}
   size_t G1HeapRegionSize                         = 1048576                                   {product} {ergonomic}
    uintx GCDrainStackTargetSize                   = 64                                        {product} {ergonomic}
   size_t InitialHeapSize                          = 65011712                                  {product} {ergonomic}
   size_t MarkStackSize                            = 4194304                                   {product} {ergonomic}
   size_t MaxHeapSize                              = 1021313024                                {product} {ergonomic}
   size_t MaxNewSize                               = 612368384                                 {product} {ergonomic}
   size_t MinHeapDeltaBytes                        = 1048576                                   {product} {ergonomic}
   size_t MinHeapSize                              = 8388608                                   {product} {ergonomic}
    uintx NonNMethodCodeHeapSize                   = 5839372                                {pd product} {ergonomic}
    uintx NonProfiledCodeHeapSize                  = 122909434                              {pd product} {ergonomic}
    uintx ProfiledCodeHeapSize                     = 122909434                              {pd product} {ergonomic}
    uintx ReservedCodeCacheSize                    = 251658240                              {pd product} {ergonomic}
     bool SegmentedCodeCache                       = true                                      {product} {ergonomic}
     bool ShowCodeDetailsInExceptionMessages       = true                                   {manageable} {command line}
   size_t SoftMaxHeapSize                          = 1021313024                             {manageable} {ergonomic}
     bool UseCompressedOops                        = true                           {product lp64_product} {ergonomic}
     bool UseG1GC                                  = true                                      {product} {ergonomic}
     bool UseLargePagesIndividualAllocation        = false                                  {pd product} {ergonomic}

Logging:
Log output configuration:
 #0: stdout all=warning uptime,level,tags foldmultilines=false
 #1: stderr all=off uptime,level,tags foldmultilines=false

Environment Variables:
JAVA_HOME=C:\Program Files\Java\jdk-21
PATH=C:/Users/Kartik Verma/eclipse//plugins/org.eclipse.justj.openjdk.hotspot.jre.full.win32.x86_64_21.0.8.v20250724-1412/jre/bin/server;C:/Users/Kartik Verma/eclipse//plugins/org.eclipse.justj.openjdk.hotspot.jre.full.win32.x86_64_21.0.8.v20250724-1412/jre/bin;C:\Program Files\Common Files\Oracle\Java\javapath;C:\WINDOWS\system32;C:\WINDOWS;C:\WINDOWS\System32\Wbem;C:\WINDOWS\System32\WindowsPowerShell\v1.0\;C:\WINDOWS\System32\OpenSSH\;C:\Program Files\nodejs\;C:\Program Files\Java\jdk-21\bin;C:\Program Files\MySQL\MySQL Server 8.0\bin;C:\Program Files\Git\cmd;C:\Users\Kartik Verma\AppData\Local\Microsoft\WindowsApps;C:\Users\Kartik Verma\AppData\Roaming\npm;C:\Users\Kartik Verma\AppData\Local\Programs\Microsoft VS Code\bin;C:\Program Files\JetBrains\IntelliJ IDEA 2025.3.2\bin;C:\Users\Kartik Verma\eclipse;
USERNAME=Kartik Verma
OS=Windows_NT
PROCESSOR_IDENTIFIER=Intel64 Family 6 Model 165 Stepping 2, GenuineIntel
TMP=C:\Users\KARTIK~1\AppData\Local\Temp
TEMP=C:\Users\KARTIK~1\AppData\Local\Temp




Periodic native trim disabled

---------------  S Y S T E M  ---------------

OS:
 Windows 11 , 64 bit Build 26100 (10.0.26100.8246)
OS uptime: 0 days 1:18 hours

CPU: total 12 (initial active 12) (6 cores per cpu, 2 threads per core) family 6 model 165 stepping 2 microcode 0xfc, cx8, cmov, fxsr, ht, mmx, 3dnowpref, sse, sse2, sse3, ssse3, sse4.1, sse4.2, popcnt, lzcnt, tsc, tscinvbit, avx, avx2, aes, erms, clmul, bmi1, bmi2, adx, fma, vzeroupper, clflush, clflushopt, rdtscp, f16c, pku
Processor Information for the first 12 processors :
  Max Mhz: 2592, Current Mhz: 2592, Mhz Limit: 2592

Memory: 4k page, system-wide physical 3889M (438M free)
TotalPageFile size 15665M (AvailPageFile size 0M)
current process WorkingSet (physical memory assigned to process): 148M, peak: 269M
current process commit charge ("private bytes"): 310M, peak: 310M

vm_info: OpenJDK 64-Bit Server VM (21.0.8+9-LTS) for windows-amd64 JRE (21.0.8+9-LTS), built on 2025-07-15T00:00:00Z by "admin" with MS VC++ 17.7 (VS2022)

END.
