#
# There is insufficient memory for the Java Runtime Environment to continue.
# Native memory allocation (malloc) failed to allocate 3068224 bytes. Error detail: Chunk::new
# Possible reasons:
#   The system is out of physical RAM or swap space
#   This process is running with CompressedOops enabled, and the Java Heap may be blocking the growth of the native heap
# Possible solutions:
#   Reduce memory load on the system
#   Increase physical memory or swap space
#   Check if swap backing store is full
#   Decrease Java heap size (-Xmx/-Xms)
#   Decrease number of Java threads
#   Decrease Java thread stack sizes (-Xss)
#   Set larger code cache with -XX:ReservedCodeCacheSize=
#   JVM is running with Unscaled Compressed Oops mode in which the Java heap is
#     placed in the first 4GB address space. The Java Heap base address is the
#     maximum limit for the native heap growth. Please use -XX:HeapBaseMinAddress
#     to set the Java Heap base and to place the Java Heap above 4GB virtual address.
# This output file may be truncated or incomplete.
#
#  Out of Memory Error (arena.cpp:168), pid=3836, tid=24500
#
# JRE version: OpenJDK Runtime Environment Temurin-21.0.8+9 (21.0.8+9) (build 21.0.8+9-LTS)
# Java VM: OpenJDK 64-Bit Server VM Temurin-21.0.8+9 (21.0.8+9-LTS, mixed mode, sharing, tiered, compressed oops, compressed class ptrs, g1 gc, windows-amd64)
# No core dump will be written. Minidumps are not enabled by default on client versions of Windows
#

---------------  S U M M A R Y ------------

Command Line: -Dfile.encoding=UTF-8 -Dstdout.encoding=UTF-8 -Dstderr.encoding=UTF-8 -XX:+ShowCodeDetailsInExceptionMessages com.Infosys.ecommerceApplication.EcommerceApplication

Host: Intel(R) Core(TM) i7-10750H CPU @ 2.60GHz, 12 cores, 3G,  Windows 11 , 64 bit Build 26100 (10.0.26100.8521)
Time: Mon Jun 29 00:11:26 2026 India Standard Time elapsed time: 731.419147 seconds (0d 0h 12m 11s)

---------------  T H R E A D  ---------------

Current thread (0x000002af4a17bb90):  JavaThread "C2 CompilerThread0" daemon [_thread_in_native, id=24500, stack(0x000000cfe6a00000,0x000000cfe6b00000) (1024K)]


Current CompileTask:
C2:731419 13772       4       org.hibernate.sql.results.jdbc.internal.JdbcValuesResultSetImpl::<init> (272 bytes)

Stack: [0x000000cfe6a00000,0x000000cfe6b00000]
Native frames: (J=compiled Java code, j=interpreted, Vv=VM code, C=native code)
V  [jvm.dll+0x6d2449]
V  [jvm.dll+0x8ae341]
V  [jvm.dll+0x8b08be]
V  [jvm.dll+0x8b0fa3]
V  [jvm.dll+0x280c96]
V  [jvm.dll+0xc581d]
V  [jvm.dll+0xc5d53]
V  [jvm.dll+0x3b919c]
V  [jvm.dll+0x1e1409]
V  [jvm.dll+0x249022]
V  [jvm.dll+0x2484af]
V  [jvm.dll+0x1c89ee]
V  [jvm.dll+0x257d4d]
V  [jvm.dll+0x2562ea]
V  [jvm.dll+0x3f2d16]
V  [jvm.dll+0x857e6b]
V  [jvm.dll+0x6d0b0d]
C  [ucrtbase.dll+0x2cd30]
C  [KERNEL32.DLL+0x2e957]
C  [ntdll.dll+0x87c1c]


---------------  P R O C E S S  ---------------

Threads class SMR info:
_java_thread_list=0x000002af90df7500, length=29, elements={
0x000002af4a1291b0, 0x000002af4a12bbe0, 0x000002af4a12f4a0, 0x000002af4a12fb00,
0x000002af4a135870, 0x000002af4a13c560, 0x000002af4a17bb90, 0x000002af4a17e450,
0x000002af4a13b840, 0x000002af4a13bed0, 0x000002af4a13dfa0, 0x000002af4a13e630,
0x000002af4a13ecc0, 0x000002af918529f0, 0x000002af91855150, 0x000002af91853080,
0x000002af91853da0, 0x000002af91854430, 0x000002af91852360, 0x000002af91856b90,
0x000002af91857220, 0x000002af91857f40, 0x000002af918557e0, 0x000002af91856500,
0x000002af91854ac0, 0x000002af91855e70, 0x000002af918578b0, 0x000002af918585d0,
0x000002af91859980
}

Java Threads: ( => current thread )
  0x000002af4a1291b0 JavaThread "Reference Handler"          daemon [_thread_blocked, id=15508, stack(0x000000cfe6400000,0x000000cfe6500000) (1024K)]
  0x000002af4a12bbe0 JavaThread "Finalizer"                  daemon [_thread_blocked, id=9512, stack(0x000000cfe6500000,0x000000cfe6600000) (1024K)]
  0x000002af4a12f4a0 JavaThread "Signal Dispatcher"          daemon [_thread_blocked, id=13628, stack(0x000000cfe6600000,0x000000cfe6700000) (1024K)]
  0x000002af4a12fb00 JavaThread "Attach Listener"            daemon [_thread_blocked, id=19852, stack(0x000000cfe6700000,0x000000cfe6800000) (1024K)]
  0x000002af4a135870 JavaThread "Service Thread"             daemon [_thread_blocked, id=12352, stack(0x000000cfe6800000,0x000000cfe6900000) (1024K)]
  0x000002af4a13c560 JavaThread "Monitor Deflation Thread"   daemon [_thread_blocked, id=21784, stack(0x000000cfe6900000,0x000000cfe6a00000) (1024K)]
=>0x000002af4a17bb90 JavaThread "C2 CompilerThread0"         daemon [_thread_in_native, id=24500, stack(0x000000cfe6a00000,0x000000cfe6b00000) (1024K)]
  0x000002af4a17e450 JavaThread "C1 CompilerThread0"         daemon [_thread_blocked, id=6648, stack(0x000000cfe6b00000,0x000000cfe6c00000) (1024K)]
  0x000002af4a13b840 JavaThread "Notification Thread"        daemon [_thread_blocked, id=3036, stack(0x000000cfe6c00000,0x000000cfe6d00000) (1024K)]
  0x000002af4a13bed0 JavaThread "Common-Cleaner"             daemon [_thread_blocked, id=3776, stack(0x000000cfe6d00000,0x000000cfe6e00000) (1024K)]
  0x000002af4a13dfa0 JavaThread "Catalina-utility-1"                [_thread_blocked, id=16524, stack(0x000000cfe7400000,0x000000cfe7500000) (1024K)]
  0x000002af4a13e630 JavaThread "Catalina-utility-2"                [_thread_blocked, id=14920, stack(0x000000cfe7b00000,0x000000cfe7c00000) (1024K)]
  0x000002af4a13ecc0 JavaThread "container-0"                       [_thread_blocked, id=17712, stack(0x000000cfe7c00000,0x000000cfe7d00000) (1024K)]
  0x000002af918529f0 JavaThread "mysql-cj-abandoned-connection-cleanup" daemon [_thread_blocked, id=14680, stack(0x000000cfe7d00000,0x000000cfe7e00000) (1024K)]
  0x000002af91855150 JavaThread "HikariPool-1:housekeeper"   daemon [_thread_blocked, id=18656, stack(0x000000cfe7f00000,0x000000cfe8000000) (1024K)]
  0x000002af91853080 JavaThread "HttpClient-1-SelectorManager" daemon [_thread_in_native, id=18568, stack(0x000000cfe8100000,0x000000cfe8200000) (1024K)]
  0x000002af91853da0 JavaThread "http-nio-8080-exec-1"       daemon [_thread_blocked, id=20740, stack(0x000000cfe8200000,0x000000cfe8300000) (1024K)]
  0x000002af91854430 JavaThread "http-nio-8080-exec-2"       daemon [_thread_blocked, id=8396, stack(0x000000cfe8300000,0x000000cfe8400000) (1024K)]
  0x000002af91852360 JavaThread "http-nio-8080-exec-3"       daemon [_thread_blocked, id=19180, stack(0x000000cfe8400000,0x000000cfe8500000) (1024K)]
  0x000002af91856b90 JavaThread "http-nio-8080-exec-4"       daemon [_thread_blocked, id=23816, stack(0x000000cfe8500000,0x000000cfe8600000) (1024K)]
  0x000002af91857220 JavaThread "http-nio-8080-exec-5"       daemon [_thread_blocked, id=3472, stack(0x000000cfe8600000,0x000000cfe8700000) (1024K)]
  0x000002af91857f40 JavaThread "http-nio-8080-exec-6"       daemon [_thread_blocked, id=8684, stack(0x000000cfe8700000,0x000000cfe8800000) (1024K)]
  0x000002af918557e0 JavaThread "http-nio-8080-exec-7"       daemon [_thread_blocked, id=22752, stack(0x000000cfe8800000,0x000000cfe8900000) (1024K)]
  0x000002af91856500 JavaThread "http-nio-8080-exec-8"       daemon [_thread_blocked, id=8256, stack(0x000000cfe8900000,0x000000cfe8a00000) (1024K)]
  0x000002af91854ac0 JavaThread "http-nio-8080-exec-9"       daemon [_thread_blocked, id=18820, stack(0x000000cfe8a00000,0x000000cfe8b00000) (1024K)]
  0x000002af91855e70 JavaThread "http-nio-8080-exec-10"      daemon [_thread_blocked, id=20996, stack(0x000000cfe8b00000,0x000000cfe8c00000) (1024K)]
  0x000002af918578b0 JavaThread "http-nio-8080-Poller"       daemon [_thread_in_native, id=12020, stack(0x000000cfe8c00000,0x000000cfe8d00000) (1024K)]
  0x000002af918585d0 JavaThread "http-nio-8080-Acceptor"     daemon [_thread_in_native, id=7936, stack(0x000000cfe8d00000,0x000000cfe8e00000) (1024K)]
  0x000002af91859980 JavaThread "DestroyJavaVM"                     [_thread_blocked, id=9820, stack(0x000000cfe5c00000,0x000000cfe5d00000) (1024K)]
Total: 29

Other Threads:
  0x000002af4a10d890 VMThread "VM Thread"                           [id=15788, stack(0x000000cfe6300000,0x000000cfe6400000) (1024K)]
  0x000002af4a0fbdf0 WatcherThread "VM Periodic Task Thread"        [id=10116, stack(0x000000cfe6200000,0x000000cfe6300000) (1024K)]
  0x000002af33353cd0 WorkerThread "GC Thread#0"                     [id=12616, stack(0x000000cfe5d00000,0x000000cfe5e00000) (1024K)]
  0x000002af4ad51560 WorkerThread "GC Thread#1"                     [id=22524, stack(0x000000cfe6e00000,0x000000cfe6f00000) (1024K)]
  0x000002af90164cf0 WorkerThread "GC Thread#2"                     [id=15556, stack(0x000000cfe6f00000,0x000000cfe7000000) (1024K)]
  0x000002af4a91beb0 WorkerThread "GC Thread#3"                     [id=19452, stack(0x000000cfe7000000,0x000000cfe7100000) (1024K)]
  0x000002af4a91c250 WorkerThread "GC Thread#4"                     [id=16396, stack(0x000000cfe7100000,0x000000cfe7200000) (1024K)]
  0x000002af4ac87d10 WorkerThread "GC Thread#5"                     [id=11932, stack(0x000000cfe7200000,0x000000cfe7300000) (1024K)]
  0x000002af4ac884b0 WorkerThread "GC Thread#6"                     [id=19316, stack(0x000000cfe7300000,0x000000cfe7400000) (1024K)]
  0x000002af90699670 WorkerThread "GC Thread#7"                     [id=19060, stack(0x000000cfe7500000,0x000000cfe7600000) (1024K)]
  0x000002af90684890 WorkerThread "GC Thread#8"                     [id=22480, stack(0x000000cfe7600000,0x000000cfe7700000) (1024K)]
  0x000002af90684c30 WorkerThread "GC Thread#9"                     [id=21972, stack(0x000000cfe7700000,0x000000cfe7800000) (1024K)]
  0x000002af3335d4f0 ConcurrentGCThread "G1 Main Marker"            [id=22932, stack(0x000000cfe5e00000,0x000000cfe5f00000) (1024K)]
  0x000002af3335e790 WorkerThread "G1 Conc#0"                       [id=24464, stack(0x000000cfe5f00000,0x000000cfe6000000) (1024K)]
  0x000002af909c3630 WorkerThread "G1 Conc#1"                       [id=22892, stack(0x000000cfe7800000,0x000000cfe7900000) (1024K)]
  0x000002af909c44b0 WorkerThread "G1 Conc#2"                       [id=18904, stack(0x000000cfe7900000,0x000000cfe7a00000) (1024K)]
  0x000002af49fd0090 ConcurrentGCThread "G1 Refine#0"               [id=8212, stack(0x000000cfe6000000,0x000000cfe6100000) (1024K)]
  0x000002af49fd0810 ConcurrentGCThread "G1 Service"                [id=8052, stack(0x000000cfe6100000,0x000000cfe6200000) (1024K)]
Total: 18

Threads with active compile tasks:
C2 CompilerThread0  731527 13772       4       org.hibernate.sql.results.jdbc.internal.JdbcValuesResultSetImpl::<init> (272 bytes)
Total: 1

VM state: not at safepoint (normal execution)

VM Mutex/Monitor currently owned by a thread: None

Heap address: 0x00000000c3200000, size: 974 MB, Compressed Oops mode: 32-bit

CDS archive(s) mapped at: [0x000002af4b000000-0x000002af4bc80000-0x000002af4bc80000), size 13107200, SharedBaseAddress: 0x000002af4b000000, ArchiveRelocationMode: 1.
Compressed class space mapped at: 0x000002af4c000000-0x000002af8c000000, reserved size: 1073741824
Narrow klass base: 0x000002af4b000000, Narrow klass shift: 0, Narrow klass range: 0x100000000

GC Precious Log:
 CardTable entry size: 512
 Card Set container configuration: InlinePtr #cards 5 size 8 Array Of Cards #cards 12 size 40 Howl #buckets 4 coarsen threshold 1843 Howl Bitmap #cards 512 size 80 coarsen threshold 460 Card regions per heap region 1 cards per card region 2048
 CPUs: 12 total, 12 available
 Memory: 3889M
 Large Page Support: Disabled
 NUMA Support: Disabled
 Compressed Oops: Enabled (32-bit)
 Heap Region Size: 1M
 Heap Min Capacity: 8M
 Heap Initial Capacity: 62M
 Heap Max Capacity: 974M
 Pre-touch: Disabled
 Parallel Workers: 10
 Concurrent Workers: 3
 Concurrent Refinement Workers: 10
 Periodic GC: Disabled

Heap:
 garbage-first heap   total 78848K, used 59137K [0x00000000c3200000, 0x0000000100000000)
  region size 1024K, 20 young (20480K), 2 survivors (2048K)
 Metaspace       used 103676K, committed 104576K, reserved 1179648K
  class space    used 13954K, committed 14400K, reserved 1048576K

Heap Regions: E=young(eden), S=young(survivor), O=old, HS=humongous(starts), HC=humongous(continues), CS=collection set, F=free, TAMS=top-at-mark-start, PB=parsable bottom
|   0|0x00000000c3200000, 0x00000000c3300000, 0x00000000c3300000|100%|HS|  |TAMS 0x00000000c3200000| PB 0x00000000c3200000| Complete 
|   1|0x00000000c3300000, 0x00000000c3400000, 0x00000000c3400000|100%|HS|  |TAMS 0x00000000c3300000| PB 0x00000000c3300000| Complete 
|   2|0x00000000c3400000, 0x00000000c3500000, 0x00000000c3500000|100%| O|  |TAMS 0x00000000c3400000| PB 0x00000000c3400000| Untracked 
|   3|0x00000000c3500000, 0x00000000c3600000, 0x00000000c3600000|100%| O|  |TAMS 0x00000000c3500000| PB 0x00000000c3500000| Untracked 
|   4|0x00000000c3600000, 0x00000000c3700000, 0x00000000c3700000|100%| O|  |TAMS 0x00000000c3600000| PB 0x00000000c3600000| Untracked 
|   5|0x00000000c3700000, 0x00000000c3800000, 0x00000000c3800000|100%| O|  |TAMS 0x00000000c3700000| PB 0x00000000c3700000| Untracked 
|   6|0x00000000c3800000, 0x00000000c3900000, 0x00000000c3900000|100%| O|  |TAMS 0x00000000c3800000| PB 0x00000000c3800000| Untracked 
|   7|0x00000000c3900000, 0x00000000c3a00000, 0x00000000c3a00000|100%| O|  |TAMS 0x00000000c3900000| PB 0x00000000c3900000| Untracked 
|   8|0x00000000c3a00000, 0x00000000c3b00000, 0x00000000c3b00000|100%| O|  |TAMS 0x00000000c3a00000| PB 0x00000000c3a00000| Untracked 
|   9|0x00000000c3b00000, 0x00000000c3c00000, 0x00000000c3c00000|100%| O|  |TAMS 0x00000000c3b00000| PB 0x00000000c3b00000| Untracked 
|  10|0x00000000c3c00000, 0x00000000c3d00000, 0x00000000c3d00000|100%| O|  |TAMS 0x00000000c3c00000| PB 0x00000000c3c00000| Untracked 
|  11|0x00000000c3d00000, 0x00000000c3e00000, 0x00000000c3e00000|100%| O|  |TAMS 0x00000000c3d00000| PB 0x00000000c3d00000| Untracked 
|  12|0x00000000c3e00000, 0x00000000c3f00000, 0x00000000c3f00000|100%| O|  |TAMS 0x00000000c3e00000| PB 0x00000000c3e00000| Untracked 
|  13|0x00000000c3f00000, 0x00000000c4000000, 0x00000000c4000000|100%| O|  |TAMS 0x00000000c3f00000| PB 0x00000000c3f00000| Untracked 
|  14|0x00000000c4000000, 0x00000000c4000000, 0x00000000c4100000|  0%| F|  |TAMS 0x00000000c4000000| PB 0x00000000c4000000| Untracked 
|  15|0x00000000c4100000, 0x00000000c4200000, 0x00000000c4200000|100%| O|  |TAMS 0x00000000c4100000| PB 0x00000000c4100000| Untracked 
|  16|0x00000000c4200000, 0x00000000c4300000, 0x00000000c4300000|100%| O|  |TAMS 0x00000000c4200000| PB 0x00000000c4200000| Untracked 
|  17|0x00000000c4300000, 0x00000000c4400000, 0x00000000c4400000|100%| O|  |TAMS 0x00000000c4300000| PB 0x00000000c4300000| Untracked 
|  18|0x00000000c4400000, 0x00000000c4500000, 0x00000000c4500000|100%| O|  |TAMS 0x00000000c4400000| PB 0x00000000c4400000| Untracked 
|  19|0x00000000c4500000, 0x00000000c4600000, 0x00000000c4600000|100%| O|  |TAMS 0x00000000c4500000| PB 0x00000000c4500000| Untracked 
|  20|0x00000000c4600000, 0x00000000c4700000, 0x00000000c4700000|100%| O|  |TAMS 0x00000000c4600000| PB 0x00000000c4600000| Untracked 
|  21|0x00000000c4700000, 0x00000000c4800000, 0x00000000c4800000|100%| O|Cm|TAMS 0x00000000c4700000| PB 0x00000000c4700000| Complete 
|  22|0x00000000c4800000, 0x00000000c4900000, 0x00000000c4900000|100%| O|  |TAMS 0x00000000c4800000| PB 0x00000000c4800000| Untracked 
|  23|0x00000000c4900000, 0x00000000c4a00000, 0x00000000c4a00000|100%| O|Cm|TAMS 0x00000000c4900000| PB 0x00000000c4900000| Complete 
|  24|0x00000000c4a00000, 0x00000000c4b00000, 0x00000000c4b00000|100%| O|  |TAMS 0x00000000c4a00000| PB 0x00000000c4a00000| Untracked 
|  25|0x00000000c4b00000, 0x00000000c4c00000, 0x00000000c4c00000|100%| O|  |TAMS 0x00000000c4b00000| PB 0x00000000c4b00000| Untracked 
|  26|0x00000000c4c00000, 0x00000000c4d00000, 0x00000000c4d00000|100%| O|  |TAMS 0x00000000c4c00000| PB 0x00000000c4c00000| Untracked 
|  27|0x00000000c4d00000, 0x00000000c4e00000, 0x00000000c4e00000|100%| O|  |TAMS 0x00000000c4d00000| PB 0x00000000c4d00000| Untracked 
|  28|0x00000000c4e00000, 0x00000000c4f00000, 0x00000000c4f00000|100%| O|  |TAMS 0x00000000c4e00000| PB 0x00000000c4e00000| Untracked 
|  29|0x00000000c4f00000, 0x00000000c5000000, 0x00000000c5000000|100%| O|  |TAMS 0x00000000c4f00000| PB 0x00000000c4f00000| Untracked 
|  30|0x00000000c5000000, 0x00000000c5100000, 0x00000000c5100000|100%| O|  |TAMS 0x00000000c5000000| PB 0x00000000c5000000| Untracked 
|  31|0x00000000c5100000, 0x00000000c5200000, 0x00000000c5200000|100%| O|  |TAMS 0x00000000c5100000| PB 0x00000000c5100000| Untracked 
|  32|0x00000000c5200000, 0x00000000c5300000, 0x00000000c5300000|100%| O|  |TAMS 0x00000000c5200000| PB 0x00000000c5200000| Untracked 
|  33|0x00000000c5300000, 0x00000000c5400000, 0x00000000c5400000|100%| O|  |TAMS 0x00000000c5300000| PB 0x00000000c5300000| Untracked 
|  34|0x00000000c5400000, 0x00000000c5500000, 0x00000000c5500000|100%| O|  |TAMS 0x00000000c5400000| PB 0x00000000c5400000| Untracked 
|  35|0x00000000c5500000, 0x00000000c5600000, 0x00000000c5600000|100%| O|  |TAMS 0x00000000c5500000| PB 0x00000000c5500000| Untracked 
|  36|0x00000000c5600000, 0x00000000c5700000, 0x00000000c5700000|100%| O|  |TAMS 0x00000000c5600000| PB 0x00000000c5600000| Untracked 
|  37|0x00000000c5700000, 0x00000000c5800000, 0x00000000c5800000|100%| O|  |TAMS 0x00000000c5700000| PB 0x00000000c5700000| Untracked 
|  38|0x00000000c5800000, 0x00000000c58060c0, 0x00000000c5900000|  2%| O|  |TAMS 0x00000000c5800000| PB 0x00000000c5800000| Untracked 
|  39|0x00000000c5900000, 0x00000000c5a00000, 0x00000000c5a00000|100%| O|  |TAMS 0x00000000c5900000| PB 0x00000000c5900000| Untracked 
|  40|0x00000000c5a00000, 0x00000000c5b00000, 0x00000000c5b00000|100%| O|  |TAMS 0x00000000c5a00000| PB 0x00000000c5a00000| Untracked 
|  41|0x00000000c5b00000, 0x00000000c5c00000, 0x00000000c5c00000|100%| O|  |TAMS 0x00000000c5b00000| PB 0x00000000c5b00000| Untracked 
|  42|0x00000000c5c00000, 0x00000000c5c00000, 0x00000000c5d00000|  0%| F|  |TAMS 0x00000000c5c00000| PB 0x00000000c5c00000| Untracked 
|  43|0x00000000c5d00000, 0x00000000c5d00000, 0x00000000c5e00000|  0%| F|  |TAMS 0x00000000c5d00000| PB 0x00000000c5d00000| Untracked 
|  44|0x00000000c5e00000, 0x00000000c5e00000, 0x00000000c5f00000|  0%| F|  |TAMS 0x00000000c5e00000| PB 0x00000000c5e00000| Untracked 
|  45|0x00000000c5f00000, 0x00000000c5f00000, 0x00000000c6000000|  0%| F|  |TAMS 0x00000000c5f00000| PB 0x00000000c5f00000| Untracked 
|  46|0x00000000c6000000, 0x00000000c6000000, 0x00000000c6100000|  0%| F|  |TAMS 0x00000000c6000000| PB 0x00000000c6000000| Untracked 
|  47|0x00000000c6100000, 0x00000000c6100000, 0x00000000c6200000|  0%| F|  |TAMS 0x00000000c6100000| PB 0x00000000c6100000| Untracked 
|  48|0x00000000c6200000, 0x00000000c62ba538, 0x00000000c6300000| 72%| S|CS|TAMS 0x00000000c6200000| PB 0x00000000c6200000| Complete 
|  49|0x00000000c6300000, 0x00000000c6400000, 0x00000000c6400000|100%| S|CS|TAMS 0x00000000c6300000| PB 0x00000000c6300000| Complete 
|  50|0x00000000c6400000, 0x00000000c6400000, 0x00000000c6500000|  0%| F|  |TAMS 0x00000000c6400000| PB 0x00000000c6400000| Untracked 
|  51|0x00000000c6500000, 0x00000000c6500000, 0x00000000c6600000|  0%| F|  |TAMS 0x00000000c6500000| PB 0x00000000c6500000| Untracked 
|  52|0x00000000c6600000, 0x00000000c6600000, 0x00000000c6700000|  0%| F|  |TAMS 0x00000000c6600000| PB 0x00000000c6600000| Untracked 
|  53|0x00000000c6700000, 0x00000000c6700000, 0x00000000c6800000|  0%| F|  |TAMS 0x00000000c6700000| PB 0x00000000c6700000| Untracked 
|  54|0x00000000c6800000, 0x00000000c6800000, 0x00000000c6900000|  0%| F|  |TAMS 0x00000000c6800000| PB 0x00000000c6800000| Untracked 
|  55|0x00000000c6900000, 0x00000000c6900000, 0x00000000c6a00000|  0%| F|  |TAMS 0x00000000c6900000| PB 0x00000000c6900000| Untracked 
|  56|0x00000000c6a00000, 0x00000000c6a00000, 0x00000000c6b00000|  0%| F|  |TAMS 0x00000000c6a00000| PB 0x00000000c6a00000| Untracked 
|  57|0x00000000c6b00000, 0x00000000c6b00000, 0x00000000c6c00000|  0%| F|  |TAMS 0x00000000c6b00000| PB 0x00000000c6b00000| Untracked 
|  58|0x00000000c6c00000, 0x00000000c6c00000, 0x00000000c6d00000|  0%| F|  |TAMS 0x00000000c6c00000| PB 0x00000000c6c00000| Untracked 
|  59|0x00000000c6d00000, 0x00000000c6d2e590, 0x00000000c6e00000| 18%| E|  |TAMS 0x00000000c6d00000| PB 0x00000000c6d00000| Complete 
|  60|0x00000000c6e00000, 0x00000000c6f00000, 0x00000000c6f00000|100%| E|CS|TAMS 0x00000000c6e00000| PB 0x00000000c6e00000| Complete 
|  61|0x00000000c6f00000, 0x00000000c7000000, 0x00000000c7000000|100%| E|CS|TAMS 0x00000000c6f00000| PB 0x00000000c6f00000| Complete 
|  62|0x00000000c7000000, 0x00000000c7100000, 0x00000000c7100000|100%| E|CS|TAMS 0x00000000c7000000| PB 0x00000000c7000000| Complete 
|  63|0x00000000c7100000, 0x00000000c7200000, 0x00000000c7200000|100%| E|CS|TAMS 0x00000000c7100000| PB 0x00000000c7100000| Complete 
|  64|0x00000000c7200000, 0x00000000c7300000, 0x00000000c7300000|100%| E|CS|TAMS 0x00000000c7200000| PB 0x00000000c7200000| Complete 
|  65|0x00000000c7300000, 0x00000000c7400000, 0x00000000c7400000|100%| E|CS|TAMS 0x00000000c7300000| PB 0x00000000c7300000| Complete 
|  66|0x00000000c7400000, 0x00000000c7500000, 0x00000000c7500000|100%| E|CS|TAMS 0x00000000c7400000| PB 0x00000000c7400000| Complete 
|  67|0x00000000c7500000, 0x00000000c7600000, 0x00000000c7600000|100%| E|  |TAMS 0x00000000c7500000| PB 0x00000000c7500000| Complete 
|  68|0x00000000c7600000, 0x00000000c7700000, 0x00000000c7700000|100%| E|CS|TAMS 0x00000000c7600000| PB 0x00000000c7600000| Complete 
|  69|0x00000000c7700000, 0x00000000c7800000, 0x00000000c7800000|100%| E|CS|TAMS 0x00000000c7700000| PB 0x00000000c7700000| Complete 
|  70|0x00000000c7800000, 0x00000000c7900000, 0x00000000c7900000|100%| E|CS|TAMS 0x00000000c7800000| PB 0x00000000c7800000| Complete 
|  71|0x00000000c7900000, 0x00000000c7a00000, 0x00000000c7a00000|100%| E|CS|TAMS 0x00000000c7900000| PB 0x00000000c7900000| Complete 
|  72|0x00000000c7a00000, 0x00000000c7b00000, 0x00000000c7b00000|100%| E|CS|TAMS 0x00000000c7a00000| PB 0x00000000c7a00000| Complete 
|  73|0x00000000c7b00000, 0x00000000c7c00000, 0x00000000c7c00000|100%| E|CS|TAMS 0x00000000c7b00000| PB 0x00000000c7b00000| Complete 
|  74|0x00000000c7c00000, 0x00000000c7d00000, 0x00000000c7d00000|100%| E|CS|TAMS 0x00000000c7c00000| PB 0x00000000c7c00000| Complete 
|  75|0x00000000c7d00000, 0x00000000c7e00000, 0x00000000c7e00000|100%| E|CS|TAMS 0x00000000c7d00000| PB 0x00000000c7d00000| Complete 
|  76|0x00000000c7e00000, 0x00000000c7f00000, 0x00000000c7f00000|100%| E|CS|TAMS 0x00000000c7e00000| PB 0x00000000c7e00000| Complete 

Card table byte_map: [0x000002af463f0000,0x000002af465e0000] _byte_map_base: 0x000002af45dd7000

Marking Bits: (CMBitMap*) 0x000002af333543d0
 Bits: [0x000002af465e0000, 0x000002af47518000)

Polling page: 0x000002af313d0000

Metaspace:

Usage:
  Non-class:     87.62 MB used.
      Class:     13.63 MB used.
       Both:    101.25 MB used.

Virtual space:
  Non-class space:      128.00 MB reserved,      88.06 MB ( 69%) committed,  2 nodes.
      Class space:        1.00 GB reserved,      14.06 MB (  1%) committed,  1 nodes.
             Both:        1.12 GB reserved,     102.12 MB (  9%) committed. 

Chunk freelists:
   Non-Class:  7.64 MB
       Class:  1.93 MB
        Both:  9.57 MB

MaxMetaspaceSize: unlimited
CompressedClassSpaceSize: 1.00 GB
Initial GC threshold: 21.00 MB
Current GC threshold: 170.25 MB
CDS: on
 - commit_granule_bytes: 65536.
 - commit_granule_words: 8192.
 - virtual_space_node_default_size: 8388608.
 - enlarge_chunks_in_place: 1.
 - use_allocation_guard: 0.


Internal statistics:

num_allocs_failed_limit: 11.
num_arena_births: 1330.
num_arena_deaths: 0.
num_vsnodes_births: 3.
num_vsnodes_deaths: 0.
num_space_committed: 1633.
num_space_uncommitted: 0.
num_chunks_returned_to_freelist: 11.
num_chunks_taken_from_freelist: 5093.
num_chunk_merges: 11.
num_chunk_splits: 3669.
num_chunks_enlarged: 2895.
num_inconsistent_stats: 0.

CodeHeap 'non-profiled nmethods': size=120000Kb used=6431Kb max_used=6431Kb free=113568Kb
 bounds [0x000002af3e780000, 0x000002af3edd0000, 0x000002af45cb0000]
CodeHeap 'profiled nmethods': size=120000Kb used=18071Kb max_used=20412Kb free=101928Kb
 bounds [0x000002af36cb0000, 0x000002af380e0000, 0x000002af3e1e0000]
CodeHeap 'non-nmethods': size=5760Kb used=1810Kb max_used=1912Kb free=3949Kb
 bounds [0x000002af3e1e0000, 0x000002af3e450000, 0x000002af3e780000]
CodeCache: size=245760Kb, used=26312Kb, max_used=28755Kb, free=219445Kb
 total_blobs=9537, nmethods=8730, adapters=710, full_count=0
Compilation: enabled, stopped_count=0, restarted_count=0

Compilation events (20 events):
Event: 727.555 Thread 0x000002af4a17e450 13765       3       org.hibernate.internal.util.StringHelper::replace (8 bytes)
Event: 727.557 Thread 0x000002af4a17e450 nmethod 13765 0x000002af37119010 code [0x000002af371191c0, 0x000002af371192e0]
Event: 727.557 Thread 0x000002af4a17e450 13766       3       org.hibernate.internal.util.StringHelper::replace (9 bytes)
Event: 727.557 Thread 0x000002af4a17e450 nmethod 13766 0x000002af3711c710 code [0x000002af3711c8c0, 0x000002af3711c9e0]
Event: 727.605 Thread 0x000002af4a17bb90 nmethod 13764 0x000002af3ebcaf10 code [0x000002af3ebcb120, 0x000002af3ebcb990]
Event: 727.605 Thread 0x000002af4a17bb90 13767       4       com.mysql.cj.protocol.a.ColumnDefinitionReader::read (122 bytes)
Event: 727.912 Thread 0x000002af4a17bb90 nmethod 13767 0x000002af3e96f010 code [0x000002af3e96f200, 0x000002af3e96fa78]
Event: 727.914 Thread 0x000002af4a17bb90 13768       4       org.hibernate.type.AbstractStandardBasicType::deepCopy (20 bytes)
Event: 727.942 Thread 0x000002af4a17bb90 nmethod 13768 0x000002af3e863590 code [0x000002af3e863740, 0x000002af3e8638a8]
Event: 727.944 Thread 0x000002af4a17bb90 13769       4       sun.reflect.annotation.AnnotationInvocationHandler::invoke (182 bytes)
Event: 727.957 Thread 0x000002af4a17e450 13770       3       org.hibernate.metamodel.mapping.internal.AbstractStateArrayContributorMapping::getFetchableName (5 bytes)
Event: 727.976 Thread 0x000002af4a17e450 nmethod 13770 0x000002af36fdce10 code [0x000002af36fdcfa0, 0x000002af36fdd148]
Event: 727.977 Thread 0x000002af4a17e450 13771       3       org.hibernate.sql.results.internal.SqlSelectionImpl::determineValueExtractor (58 bytes)
Event: 728.004 Thread 0x000002af4a17e450 nmethod 13771 0x000002af37130390 code [0x000002af371305c0, 0x000002af37130c48]
Event: 728.061 Thread 0x000002af4a17bb90 nmethod 13769 0x000002af3e9a9c90 code [0x000002af3e9a9f00, 0x000002af3e9aa840]
Event: 728.061 Thread 0x000002af4a17bb90 13772       4       org.hibernate.sql.results.jdbc.internal.JdbcValuesResultSetImpl::<init> (272 bytes)
Event: 728.087 Thread 0x000002af4a17e450 13773       3       org.hibernate.sql.results.jdbc.internal.AbstractJdbcValues::<init> (5 bytes)
Event: 728.089 Thread 0x000002af4a17e450 nmethod 13773 0x000002af37040f10 code [0x000002af370410c0, 0x000002af37041228]
Event: 728.258 Thread 0x000002af4a17e450 13774       3       org.springframework.data.jpa.repository.support.MutableQueryHints::<init> (16 bytes)
Event: 728.287 Thread 0x000002af4a17e450 nmethod 13774 0x000002af37719890 code [0x000002af37719a80, 0x000002af3771a070]

GC Heap History (20 events):
Event: 179.606 GC heap before
{Heap before GC invocations=24 (full 0):
 garbage-first heap   total 78848K, used 70112K [0x00000000c3200000, 0x0000000100000000)
  region size 1024K, 30 young (30720K), 2 survivors (2048K)
 Metaspace       used 98025K, committed 98816K, reserved 1179648K
  class space    used 13451K, committed 13824K, reserved 1048576K
}
Event: 179.694 GC heap after
{Heap after GC invocations=25 (full 0):
 garbage-first heap   total 78848K, used 42686K [0x00000000c3200000, 0x0000000100000000)
  region size 1024K, 2 young (2048K), 2 survivors (2048K)
 Metaspace       used 98025K, committed 98816K, reserved 1179648K
  class space    used 13451K, committed 13824K, reserved 1048576K
}
Event: 205.343 GC heap before
{Heap before GC invocations=26 (full 0):
 garbage-first heap   total 78848K, used 70334K [0x00000000c3200000, 0x0000000100000000)
  region size 1024K, 30 young (30720K), 2 survivors (2048K)
 Metaspace       used 98552K, committed 99392K, reserved 1179648K
  class space    used 13453K, committed 13824K, reserved 1048576K
}
Event: 205.387 GC heap after
{Heap after GC invocations=27 (full 0):
 garbage-first heap   total 78848K, used 42714K [0x00000000c3200000, 0x0000000100000000)
  region size 1024K, 2 young (2048K), 2 survivors (2048K)
 Metaspace       used 98552K, committed 99392K, reserved 1179648K
  class space    used 13453K, committed 13824K, reserved 1048576K
}
Event: 241.848 GC heap before
{Heap before GC invocations=27 (full 0):
 garbage-first heap   total 78848K, used 70362K [0x00000000c3200000, 0x0000000100000000)
  region size 1024K, 30 young (30720K), 2 survivors (2048K)
 Metaspace       used 101814K, committed 102720K, reserved 1179648K
  class space    used 13845K, committed 14208K, reserved 1048576K
}
Event: 241.905 GC heap after
{Heap after GC invocations=28 (full 0):
 garbage-first heap   total 78848K, used 45237K [0x00000000c3200000, 0x0000000100000000)
  region size 1024K, 4 young (4096K), 4 survivors (4096K)
 Metaspace       used 101814K, committed 102720K, reserved 1179648K
  class space    used 13845K, committed 14208K, reserved 1048576K
}
Event: 266.115 GC heap before
{Heap before GC invocations=28 (full 0):
 garbage-first heap   total 78848K, used 67765K [0x00000000c3200000, 0x0000000100000000)
  region size 1024K, 27 young (27648K), 4 survivors (4096K)
 Metaspace       used 102795K, committed 103680K, reserved 1179648K
  class space    used 13938K, committed 14336K, reserved 1048576K
}
Event: 266.157 GC heap after
{Heap after GC invocations=29 (full 0):
 garbage-first heap   total 78848K, used 44151K [0x00000000c3200000, 0x0000000100000000)
  region size 1024K, 2 young (2048K), 2 survivors (2048K)
 Metaspace       used 102795K, committed 103680K, reserved 1179648K
  class space    used 13938K, committed 14336K, reserved 1048576K
}
Event: 359.844 GC heap before
{Heap before GC invocations=30 (full 0):
 garbage-first heap   total 78848K, used 69751K [0x00000000c3200000, 0x0000000100000000)
  region size 1024K, 28 young (28672K), 2 survivors (2048K)
 Metaspace       used 103032K, committed 103872K, reserved 1179648K
  class space    used 13940K, committed 14336K, reserved 1048576K
}
Event: 359.942 GC heap after
{Heap after GC invocations=31 (full 0):
 garbage-first heap   total 78848K, used 44119K [0x00000000c3200000, 0x0000000100000000)
  region size 1024K, 2 young (2048K), 2 survivors (2048K)
 Metaspace       used 103032K, committed 103872K, reserved 1179648K
  class space    used 13940K, committed 14336K, reserved 1048576K
}
Event: 444.635 GC heap before
{Heap before GC invocations=31 (full 0):
 garbage-first heap   total 78848K, used 69719K [0x00000000c3200000, 0x0000000100000000)
  region size 1024K, 28 young (28672K), 2 survivors (2048K)
 Metaspace       used 103243K, committed 104128K, reserved 1179648K
  class space    used 13940K, committed 14336K, reserved 1048576K
}
Event: 444.783 GC heap after
{Heap after GC invocations=32 (full 0):
 garbage-first heap   total 78848K, used 43066K [0x00000000c3200000, 0x0000000100000000)
  region size 1024K, 2 young (2048K), 2 survivors (2048K)
 Metaspace       used 103243K, committed 104128K, reserved 1179648K
  class space    used 13940K, committed 14336K, reserved 1048576K
}
Event: 460.955 GC heap before
{Heap before GC invocations=32 (full 0):
 garbage-first heap   total 78848K, used 69690K [0x00000000c3200000, 0x0000000100000000)
  region size 1024K, 29 young (29696K), 2 survivors (2048K)
 Metaspace       used 103387K, committed 104320K, reserved 1179648K
  class space    used 13951K, committed 14400K, reserved 1048576K
}
Event: 461.008 GC heap after
{Heap after GC invocations=33 (full 0):
 garbage-first heap   total 78848K, used 43121K [0x00000000c3200000, 0x0000000100000000)
  region size 1024K, 2 young (2048K), 2 survivors (2048K)
 Metaspace       used 103387K, committed 104320K, reserved 1179648K
  class space    used 13951K, committed 14400K, reserved 1048576K
}
Event: 477.993 GC heap before
{Heap before GC invocations=34 (full 0):
 garbage-first heap   total 78848K, used 69745K [0x00000000c3200000, 0x0000000100000000)
  region size 1024K, 29 young (29696K), 2 survivors (2048K)
 Metaspace       used 103551K, committed 104512K, reserved 1179648K
  class space    used 13951K, committed 14400K, reserved 1048576K
}
Event: 477.998 GC heap after
{Heap after GC invocations=35 (full 0):
 garbage-first heap   total 78848K, used 43033K [0x00000000c3200000, 0x0000000100000000)
  region size 1024K, 2 young (2048K), 2 survivors (2048K)
 Metaspace       used 103551K, committed 104512K, reserved 1179648K
  class space    used 13951K, committed 14400K, reserved 1048576K
}
Event: 593.884 GC heap before
{Heap before GC invocations=35 (full 0):
 garbage-first heap   total 78848K, used 69657K [0x00000000c3200000, 0x0000000100000000)
  region size 1024K, 29 young (29696K), 2 survivors (2048K)
 Metaspace       used 103593K, committed 104512K, reserved 1179648K
  class space    used 13951K, committed 14400K, reserved 1048576K
}
Event: 594.739 GC heap after
{Heap after GC invocations=36 (full 0):
 garbage-first heap   total 78848K, used 42779K [0x00000000c3200000, 0x0000000100000000)
  region size 1024K, 2 young (2048K), 2 survivors (2048K)
 Metaspace       used 103593K, committed 104512K, reserved 1179648K
  class space    used 13951K, committed 14400K, reserved 1048576K
}
Event: 704.603 GC heap before
{Heap before GC invocations=36 (full 0):
 garbage-first heap   total 78848K, used 69403K [0x00000000c3200000, 0x0000000100000000)
  region size 1024K, 29 young (29696K), 2 survivors (2048K)
 Metaspace       used 103656K, committed 104576K, reserved 1179648K
  class space    used 13953K, committed 14400K, reserved 1048576K
}
Event: 704.738 GC heap after
{Heap after GC invocations=37 (full 0):
 garbage-first heap   total 78848K, used 42753K [0x00000000c3200000, 0x0000000100000000)
  region size 1024K, 2 young (2048K), 2 survivors (2048K)
 Metaspace       used 103656K, committed 104576K, reserved 1179648K
  class space    used 13953K, committed 14400K, reserved 1048576K
}

Dll operation events (10 events):
Event: 0.008 Loaded shared library C:\Users\Kartik Verma\eclipse\plugins\org.eclipse.justj.openjdk.hotspot.jre.full.win32.x86_64_21.0.8.v20250724-1412\jre\bin\java.dll
Event: 0.034 Loaded shared library C:\Users\Kartik Verma\eclipse\plugins\org.eclipse.justj.openjdk.hotspot.jre.full.win32.x86_64_21.0.8.v20250724-1412\jre\bin\zip.dll
Event: 0.097 Loaded shared library C:\Users\Kartik Verma\eclipse\plugins\org.eclipse.justj.openjdk.hotspot.jre.full.win32.x86_64_21.0.8.v20250724-1412\jre\bin\net.dll
Event: 0.099 Loaded shared library C:\Users\Kartik Verma\eclipse\plugins\org.eclipse.justj.openjdk.hotspot.jre.full.win32.x86_64_21.0.8.v20250724-1412\jre\bin\nio.dll
Event: 0.101 Loaded shared library C:\Users\Kartik Verma\eclipse\plugins\org.eclipse.justj.openjdk.hotspot.jre.full.win32.x86_64_21.0.8.v20250724-1412\jre\bin\zip.dll
Event: 0.211 Loaded shared library C:\Users\Kartik Verma\eclipse\plugins\org.eclipse.justj.openjdk.hotspot.jre.full.win32.x86_64_21.0.8.v20250724-1412\jre\bin\jimage.dll
Event: 1.181 Loaded shared library C:\Users\Kartik Verma\eclipse\plugins\org.eclipse.justj.openjdk.hotspot.jre.full.win32.x86_64_21.0.8.v20250724-1412\jre\bin\sunmscapi.dll
Event: 2.664 Loaded shared library C:\Users\Kartik Verma\eclipse\plugins\org.eclipse.justj.openjdk.hotspot.jre.full.win32.x86_64_21.0.8.v20250724-1412\jre\bin\management.dll
Event: 2.668 Loaded shared library C:\Users\Kartik Verma\eclipse\plugins\org.eclipse.justj.openjdk.hotspot.jre.full.win32.x86_64_21.0.8.v20250724-1412\jre\bin\management_ext.dll
Event: 8.793 Loaded shared library C:\Users\Kartik Verma\eclipse\plugins\org.eclipse.justj.openjdk.hotspot.jre.full.win32.x86_64_21.0.8.v20250724-1412\jre\bin\extnet.dll

Deoptimization events (20 events):
Event: 710.628 Thread 0x000002af91856500 Uncommon trap: trap_request=0xffffffd6 fr.pc=0x000002af3ed927d4 relative=0x0000000000006414
Event: 710.629 Thread 0x000002af91856500 Uncommon trap: reason=array_check action=maybe_recompile pc=0x000002af3ed927d4 method=com.zaxxer.hikari.util.FastList.add(Ljava/lang/Object;)Z @ 28 c2
Event: 710.629 Thread 0x000002af91856500 DEOPT PACKING pc=0x000002af3ed927d4 sp=0x000000cfe89f94d0
Event: 710.630 Thread 0x000002af91856500 DEOPT UNPACKING pc=0x000002af3e2346a2 sp=0x000000cfe89f8fe8 mode 2
Event: 713.105 Thread 0x000002af91853da0 Uncommon trap: trap_request=0xffffffd6 fr.pc=0x000002af3edabbdc relative=0x0000000000005c1c
Event: 713.105 Thread 0x000002af91853da0 Uncommon trap: reason=array_check action=maybe_recompile pc=0x000002af3edabbdc method=org.hibernate.sql.results.jdbc.internal.JdbcValuesResultSetImpl.<init>(Lorg/hibernate/sql/results/jdbc/internal/ResultSetAccess;Lorg/hibernate/cache/spi/QueryKey;Ljava/l
Event: 713.105 Thread 0x000002af91853da0 DEOPT PACKING pc=0x000002af3edabbdc sp=0x000000cfe82fac50
Event: 713.106 Thread 0x000002af91853da0 DEOPT UNPACKING pc=0x000002af3e2346a2 sp=0x000000cfe82fac58 mode 2
Event: 713.116 Thread 0x000002af91852360 Uncommon trap: trap_request=0xffffffd6 fr.pc=0x000002af3edabbdc relative=0x0000000000005c1c
Event: 713.116 Thread 0x000002af91852360 Uncommon trap: reason=array_check action=maybe_recompile pc=0x000002af3edabbdc method=org.hibernate.sql.results.jdbc.internal.JdbcValuesResultSetImpl.<init>(Lorg/hibernate/sql/results/jdbc/internal/ResultSetAccess;Lorg/hibernate/cache/spi/QueryKey;Ljava/l
Event: 713.116 Thread 0x000002af91852360 DEOPT PACKING pc=0x000002af3edabbdc sp=0x000000cfe84f9670
Event: 713.117 Thread 0x000002af91852360 DEOPT UNPACKING pc=0x000002af3e2346a2 sp=0x000000cfe84f9678 mode 2
Event: 713.123 Thread 0x000002af91852360 Uncommon trap: trap_request=0xffffffd6 fr.pc=0x000002af3edabbdc relative=0x0000000000005c1c
Event: 713.123 Thread 0x000002af91852360 Uncommon trap: reason=array_check action=maybe_recompile pc=0x000002af3edabbdc method=org.hibernate.sql.results.jdbc.internal.JdbcValuesResultSetImpl.<init>(Lorg/hibernate/sql/results/jdbc/internal/ResultSetAccess;Lorg/hibernate/cache/spi/QueryKey;Ljava/l
Event: 713.123 Thread 0x000002af91852360 DEOPT PACKING pc=0x000002af3edabbdc sp=0x000000cfe84f96b0
Event: 713.123 Thread 0x000002af91853da0 Uncommon trap: trap_request=0xffffffd6 fr.pc=0x000002af3edabbdc relative=0x0000000000005c1c
Event: 713.123 Thread 0x000002af91853da0 Uncommon trap: reason=array_check action=maybe_recompile pc=0x000002af3edabbdc method=org.hibernate.sql.results.jdbc.internal.JdbcValuesResultSetImpl.<init>(Lorg/hibernate/sql/results/jdbc/internal/ResultSetAccess;Lorg/hibernate/cache/spi/QueryKey;Ljava/l
Event: 713.123 Thread 0x000002af91853da0 DEOPT PACKING pc=0x000002af3edabbdc sp=0x000000cfe82f9920
Event: 713.123 Thread 0x000002af91853da0 DEOPT UNPACKING pc=0x000002af3e2346a2 sp=0x000000cfe82f9928 mode 2
Event: 713.123 Thread 0x000002af91852360 DEOPT UNPACKING pc=0x000002af3e2346a2 sp=0x000000cfe84f96b8 mode 2

Classes loaded (20 events):
Event: 242.524 Loading class java/util/stream/ReferencePipeline$5
Event: 242.525 Loading class java/util/stream/LongPipeline$StatelessOp
Event: 242.526 Loading class java/util/stream/LongPipeline
Event: 242.529 Loading class java/util/stream/LongPipeline done
Event: 242.529 Loading class java/util/stream/LongPipeline$StatelessOp done
Event: 242.529 Loading class java/util/stream/ReferencePipeline$5 done
Event: 242.529 Loading class java/util/stream/FindOps$FindSink$OfLong
Event: 242.530 Loading class java/util/stream/Sink$OfLong
Event: 242.531 Loading class java/util/stream/Sink$OfLong done
Event: 242.531 Loading class java/util/stream/FindOps$FindSink$OfLong done
Event: 242.534 Loading class java/util/stream/ReferencePipeline$5$1
Event: 242.534 Loading class java/util/stream/ReferencePipeline$5$1 done
Event: 242.535 Loading class java/lang/invoke/VarHandleBytes$FieldInstanceReadWrite
Event: 242.536 Loading class java/lang/invoke/VarHandleBytes$FieldInstanceReadOnly
Event: 242.537 Loading class java/lang/invoke/VarHandleBytes$FieldInstanceReadOnly done
Event: 242.537 Loading class java/lang/invoke/VarHandleBytes$FieldInstanceReadWrite done
Event: 242.567 Loading class java/nio/HeapByteBufferR
Event: 242.568 Loading class java/nio/HeapByteBufferR done
Event: 242.578 Loading class java/time/Instant$1
Event: 242.579 Loading class java/time/Instant$1 done

Classes unloaded (0 events):
No events

Classes redefined (0 events):
No events

Internal exceptions (20 events):
Event: 569.653 Thread 0x000002af91857220 Exception <a 'java/io/IOException'{0x00000000c77eea80}> (0x00000000c77eea80) 
thrown [s\src\hotspot\share\prims\jni.cpp, line 520]
Event: 569.849 Thread 0x000002af91857220 Exception <a 'java/io/IOException'{0x00000000c77f2210}> (0x00000000c77f2210) 
thrown [s\src\hotspot\share\prims\jni.cpp, line 520]
Event: 586.330 Thread 0x000002af91857220 Exception <a 'sun/net/ConnectionResetException'{0x00000000c6c82fe0}: Connection reset> (0x00000000c6c82fe0) 
thrown [s\src\hotspot\share\prims\jni.cpp, line 539]
Event: 586.330 Thread 0x000002af91852360 Exception <a 'sun/net/ConnectionResetException'{0x00000000c695fe80}: Connection reset> (0x00000000c695fe80) 
thrown [s\src\hotspot\share\prims\jni.cpp, line 539]
Event: 586.330 Thread 0x000002af91855e70 Exception <a 'sun/net/ConnectionResetException'{0x00000000c69239e0}: Connection reset> (0x00000000c69239e0) 
thrown [s\src\hotspot\share\prims\jni.cpp, line 539]
Event: 586.330 Thread 0x000002af91856b90 Exception <a 'sun/net/ConnectionResetException'{0x00000000c6a7fc70}: Connection reset> (0x00000000c6a7fc70) 
thrown [s\src\hotspot\share\prims\jni.cpp, line 539]
Event: 642.438 Thread 0x000002af91857220 Exception <a 'sun/net/ConnectionResetException'{0x00000000c76430d8}: Connection reset> (0x00000000c76430d8) 
thrown [s\src\hotspot\share\prims\jni.cpp, line 539]
Event: 642.438 Thread 0x000002af91854430 Exception <a 'sun/net/ConnectionResetException'{0x00000000c733dfa0}: Connection reset> (0x00000000c733dfa0) 
thrown [s\src\hotspot\share\prims\jni.cpp, line 539]
Event: 642.438 Thread 0x000002af91855e70 Exception <a 'sun/net/ConnectionResetException'{0x00000000c7473b38}: Connection reset> (0x00000000c7473b38) 
thrown [s\src\hotspot\share\prims\jni.cpp, line 539]
Event: 642.438 Thread 0x000002af91853da0 Exception <a 'sun/net/ConnectionResetException'{0x00000000c7363088}: Connection reset> (0x00000000c7363088) 
thrown [s\src\hotspot\share\prims\jni.cpp, line 539]
Event: 660.912 Thread 0x000002af918557e0 Exception <a 'java/io/IOException'{0x00000000c6a1e088}> (0x00000000c6a1e088) 
thrown [s\src\hotspot\share\prims\jni.cpp, line 520]
Event: 660.914 Thread 0x000002af91856500 Exception <a 'java/io/IOException'{0x00000000c6a115d0}> (0x00000000c6a115d0) 
thrown [s\src\hotspot\share\prims\jni.cpp, line 520]
Event: 661.020 Thread 0x000002af91855e70 Exception <a 'java/io/IOException'{0x00000000c6a2f9f8}> (0x00000000c6a2f9f8) 
thrown [s\src\hotspot\share\prims\jni.cpp, line 520]
Event: 688.788 Thread 0x000002af91854430 Exception <a 'sun/net/ConnectionResetException'{0x00000000c6ebed90}: Connection reset> (0x00000000c6ebed90) 
thrown [s\src\hotspot\share\prims\jni.cpp, line 539]
Event: 703.162 Thread 0x000002af91855e70 Exception <a 'java/io/IOException'{0x00000000c67f7860}> (0x00000000c67f7860) 
thrown [s\src\hotspot\share\prims\jni.cpp, line 520]
Event: 703.434 Thread 0x000002af91855e70 Exception <a 'java/io/IOException'{0x00000000c67faff0}> (0x00000000c67faff0) 
thrown [s\src\hotspot\share\prims\jni.cpp, line 520]
Event: 719.374 Thread 0x000002af918557e0 Exception <a 'sun/net/ConnectionResetException'{0x00000000c78ab830}: Connection reset> (0x00000000c78ab830) 
thrown [s\src\hotspot\share\prims\jni.cpp, line 539]
Event: 719.374 Thread 0x000002af91854430 Exception <a 'sun/net/ConnectionResetException'{0x00000000c75c0430}: Connection reset> (0x00000000c75c0430) 
thrown [s\src\hotspot\share\prims\jni.cpp, line 539]
Event: 719.374 Thread 0x000002af91856500 Exception <a 'sun/net/ConnectionResetException'{0x00000000c75a6440}: Connection reset> (0x00000000c75a6440) 
thrown [s\src\hotspot\share\prims\jni.cpp, line 539]
Event: 719.375 Thread 0x000002af91857220 Exception <a 'sun/net/ConnectionResetException'{0x00000000c76d1708}: Connection reset> (0x00000000c76d1708) 
thrown [s\src\hotspot\share\prims\jni.cpp, line 539]

ZGC Phase Switch (0 events):
No events

VM Operations (20 events):
Event: 705.008 Executing VM operation: G1PauseRemark
Event: 705.119 Executing VM operation: G1PauseRemark done
Event: 705.135 Executing VM operation: G1PauseCleanup
Event: 705.136 Executing VM operation: G1PauseCleanup done
Event: 708.164 Executing VM operation: Cleanup
Event: 708.164 Executing VM operation: Cleanup done
Event: 711.204 Executing VM operation: Cleanup
Event: 711.205 Executing VM operation: Cleanup done
Event: 713.222 Executing VM operation: Cleanup
Event: 713.223 Executing VM operation: Cleanup done
Event: 721.317 Executing VM operation: Cleanup
Event: 721.317 Executing VM operation: Cleanup done
Event: 721.705 Executing VM operation: HandshakeAllThreads (HandshakeForDeflation)
Event: 721.705 Executing VM operation: HandshakeAllThreads (HandshakeForDeflation) done
Event: 721.705 Executing VM operation: RendezvousGCThreads
Event: 721.705 Executing VM operation: RendezvousGCThreads done
Event: 727.763 Executing VM operation: Cleanup
Event: 727.809 Executing VM operation: Cleanup done
Event: 728.823 Executing VM operation: Cleanup
Event: 728.824 Executing VM operation: Cleanup done

Memory protections (0 events):
No events

Nmethod flushes (20 events):
Event: 705.107 Thread 0x000002af4a10d890 flushing  nmethod 0x000002af376d2e90
Event: 705.107 Thread 0x000002af4a10d890 flushing  nmethod 0x000002af376d4090
Event: 705.107 Thread 0x000002af4a10d890 flushing  nmethod 0x000002af37811410
Event: 705.108 Thread 0x000002af4a10d890 flushing  nmethod 0x000002af37811b10
Event: 705.108 Thread 0x000002af4a10d890 flushing  nmethod 0x000002af37881190
Event: 705.108 Thread 0x000002af4a10d890 flushing  nmethod 0x000002af37881d10
Event: 705.108 Thread 0x000002af4a10d890 flushing  nmethod 0x000002af3788d590
Event: 705.108 Thread 0x000002af4a10d890 flushing  nmethod 0x000002af3789fb90
Event: 705.108 Thread 0x000002af4a10d890 flushing  nmethod 0x000002af3789ff90
Event: 705.108 Thread 0x000002af4a10d890 flushing  nmethod 0x000002af378ea910
Event: 705.108 Thread 0x000002af4a10d890 flushing  nmethod 0x000002af37928f90
Event: 705.108 Thread 0x000002af4a10d890 flushing  nmethod 0x000002af3792af90
Event: 705.108 Thread 0x000002af4a10d890 flushing  nmethod 0x000002af37930490
Event: 705.108 Thread 0x000002af4a10d890 flushing  nmethod 0x000002af37931510
Event: 705.108 Thread 0x000002af4a10d890 flushing  nmethod 0x000002af37962b90
Event: 705.109 Thread 0x000002af4a10d890 flushing  nmethod 0x000002af37aac310
Event: 705.109 Thread 0x000002af4a10d890 flushing  nmethod 0x000002af37b4f510
Event: 705.109 Thread 0x000002af4a10d890 flushing  nmethod 0x000002af37f26b10
Event: 705.109 Thread 0x000002af4a10d890 flushing  nmethod 0x000002af37f88b90
Event: 705.110 Thread 0x000002af4a10d890 flushing  nmethod 0x000002af37f94990

Events (20 events):
Event: 12.027 Thread 0x000002af3331b300 Thread added: 0x000002af91852360
Event: 12.027 Thread 0x000002af3331b300 Thread added: 0x000002af91856b90
Event: 12.027 Thread 0x000002af3331b300 Thread added: 0x000002af91857220
Event: 12.027 Thread 0x000002af3331b300 Thread added: 0x000002af91857f40
Event: 12.027 Thread 0x000002af3331b300 Thread added: 0x000002af918557e0
Event: 12.027 Thread 0x000002af3331b300 Thread added: 0x000002af91856500
Event: 12.027 Thread 0x000002af3331b300 Thread added: 0x000002af91854ac0
Event: 12.027 Thread 0x000002af3331b300 Thread added: 0x000002af91855e70
Event: 12.031 Thread 0x000002af3331b300 Thread added: 0x000002af918578b0
Event: 12.033 Thread 0x000002af3331b300 Thread added: 0x000002af918585d0
Event: 12.049 Thread 0x000002af3331b300 Thread exited: 0x000002af3331b300
Event: 12.049 Thread 0x000002af91859980 Thread added: 0x000002af91859980
Event: 13.042 Thread 0x000002af939b3630 Thread exited: 0x000002af939b3630
Event: 14.496 Thread 0x000002af91853710 Thread exited: 0x000002af91853710
Event: 239.831 Thread 0x000002af91853080 Thread added: 0x000002af91853710
Event: 239.893 Thread 0x000002af91853080 Thread added: 0x000002af91858c60
Event: 299.934 Thread 0x000002af91858c60 Thread exited: 0x000002af91858c60
Event: 302.643 Thread 0x000002af91853710 Thread exited: 0x000002af91853710
Event: 447.101 Thread 0x000002af4a17e450 Thread added: 0x000002af93fae970
Event: 450.490 Thread 0x000002af93fae970 Thread exited: 0x000002af93fae970


Dynamic libraries:
0x00007ff664510000 - 0x00007ff66451e000 	C:\Users\Kartik Verma\eclipse\plugins\org.eclipse.justj.openjdk.hotspot.jre.full.win32.x86_64_21.0.8.v20250724-1412\jre\bin\javaw.exe
0x00007ffddf780000 - 0x00007ffddf9e6000 	C:\WINDOWS\SYSTEM32\ntdll.dll
0x00007ffdde260000 - 0x00007ffdde329000 	C:\WINDOWS\System32\KERNEL32.DLL
0x00007ffddd060000 - 0x00007ffddd45a000 	C:\WINDOWS\System32\KERNELBASE.dll
0x00007ffddcc20000 - 0x00007ffddcd6c000 	C:\WINDOWS\System32\ucrtbase.dll
0x00007ffdca380000 - 0x00007ffdca398000 	C:\Users\Kartik Verma\eclipse\plugins\org.eclipse.justj.openjdk.hotspot.jre.full.win32.x86_64_21.0.8.v20250724-1412\jre\bin\jli.dll
0x00007ffdc1770000 - 0x00007ffdc178e000 	C:\Users\Kartik Verma\eclipse\plugins\org.eclipse.justj.openjdk.hotspot.jre.full.win32.x86_64_21.0.8.v20250724-1412\jre\bin\VCRUNTIME140.dll
0x00007ffdddb00000 - 0x00007ffdddcc7000 	C:\WINDOWS\System32\USER32.dll
0x00007ffddcbf0000 - 0x00007ffddcc17000 	C:\WINDOWS\System32\win32u.dll
0x00007ffdc9c80000 - 0x00007ffdc9f12000 	C:\WINDOWS\WinSxS\amd64_microsoft.windows.common-controls_6595b64144ccf1df_6.0.26100.8521_none_3e08b75ce33403b3\COMCTL32.dll
0x00007ffdde460000 - 0x00007ffdde48b000 	C:\WINDOWS\System32\GDI32.dll
0x00007ffddd990000 - 0x00007ffddda39000 	C:\WINDOWS\System32\msvcrt.dll
0x00007ffddca10000 - 0x00007ffddcb3b000 	C:\WINDOWS\System32\gdi32full.dll
0x00007ffddcd70000 - 0x00007ffddce13000 	C:\WINDOWS\System32\msvcp_win.dll
0x00007ffddf440000 - 0x00007ffddf472000 	C:\WINDOWS\System32\IMM32.DLL
0x00007ffdbd060000 - 0x00007ffdbd06c000 	C:\Users\Kartik Verma\eclipse\plugins\org.eclipse.justj.openjdk.hotspot.jre.full.win32.x86_64_21.0.8.v20250724-1412\jre\bin\vcruntime140_1.dll
0x00007ffdb2490000 - 0x00007ffdb251d000 	C:\Users\Kartik Verma\eclipse\plugins\org.eclipse.justj.openjdk.hotspot.jre.full.win32.x86_64_21.0.8.v20250724-1412\jre\bin\msvcp140.dll
0x00007ffd2b500000 - 0x00007ffd2c297000 	C:\Users\Kartik Verma\eclipse\plugins\org.eclipse.justj.openjdk.hotspot.jre.full.win32.x86_64_21.0.8.v20250724-1412\jre\bin\server\jvm.dll
0x00007ffddf380000 - 0x00007ffddf436000 	C:\WINDOWS\System32\ADVAPI32.dll
0x00007ffddf620000 - 0x00007ffddf6ca000 	C:\WINDOWS\System32\sechost.dll
0x00007ffdddd80000 - 0x00007ffddde98000 	C:\WINDOWS\System32\RPCRT4.dll
0x00007ffdde3b0000 - 0x00007ffdde430000 	C:\WINDOWS\System32\WS2_32.dll
0x00007ffddc870000 - 0x00007ffddc8ce000 	C:\WINDOWS\SYSTEM32\POWRPROF.dll
0x00007ffdc9be0000 - 0x00007ffdc9c16000 	C:\WINDOWS\SYSTEM32\WINMM.dll
0x00007ffdd2c00000 - 0x00007ffdd2c0b000 	C:\WINDOWS\SYSTEM32\VERSION.dll
0x00007ffddc850000 - 0x00007ffddc864000 	C:\WINDOWS\SYSTEM32\UMPDC.dll
0x00007ffddb7a0000 - 0x00007ffddb7bb000 	C:\WINDOWS\SYSTEM32\kernel.appcore.dll
0x00007ffdc8e60000 - 0x00007ffdc8e6a000 	C:\Users\Kartik Verma\eclipse\plugins\org.eclipse.justj.openjdk.hotspot.jre.full.win32.x86_64_21.0.8.v20250724-1412\jre\bin\jimage.dll
0x00007ffdd9960000 - 0x00007ffdd9ba2000 	C:\WINDOWS\SYSTEM32\DBGHELP.DLL
0x00007ffddd600000 - 0x00007ffddd983000 	C:\WINDOWS\System32\combase.dll
0x00007ffdde180000 - 0x00007ffdde259000 	C:\WINDOWS\System32\OLEAUT32.dll
0x00007ffdc8850000 - 0x00007ffdc888b000 	C:\WINDOWS\SYSTEM32\dbgcore.DLL
0x00007ffddcb40000 - 0x00007ffddcbe8000 	C:\WINDOWS\System32\bcryptPrimitives.dll
0x00007ffdc55a0000 - 0x00007ffdc55bf000 	C:\Users\Kartik Verma\eclipse\plugins\org.eclipse.justj.openjdk.hotspot.jre.full.win32.x86_64_21.0.8.v20250724-1412\jre\bin\java.dll
0x00007ffddebf0000 - 0x00007ffddf374000 	C:\WINDOWS\System32\SHELL32.dll
0x00007ffdda5f0000 - 0x00007ffddae70000 	C:\WINDOWS\SYSTEM32\windows.storage.dll
0x00007ffddd4f0000 - 0x00007ffddd5e6000 	C:\WINDOWS\System32\SHCORE.dll
0x00007ffddf6d0000 - 0x00007ffddf737000 	C:\WINDOWS\System32\shlwapi.dll
0x00007ffddc930000 - 0x00007ffddc959000 	C:\WINDOWS\SYSTEM32\profapi.dll
0x00007ffdba4c0000 - 0x00007ffdba4d8000 	C:\Users\Kartik Verma\eclipse\plugins\org.eclipse.justj.openjdk.hotspot.jre.full.win32.x86_64_21.0.8.v20250724-1412\jre\bin\zip.dll
0x00007ffdbadf0000 - 0x00007ffdbae00000 	C:\Users\Kartik Verma\eclipse\plugins\org.eclipse.justj.openjdk.hotspot.jre.full.win32.x86_64_21.0.8.v20250724-1412\jre\bin\net.dll
0x00007ffdd32b0000 - 0x00007ffdd33d9000 	C:\WINDOWS\SYSTEM32\WINHTTP.dll
0x00007ffddbd10000 - 0x00007ffddbd7c000 	C:\WINDOWS\system32\mswsock.dll
0x00007ffdb5450000 - 0x00007ffdb5466000 	C:\Users\Kartik Verma\eclipse\plugins\org.eclipse.justj.openjdk.hotspot.jre.full.win32.x86_64_21.0.8.v20250724-1412\jre\bin\nio.dll
0x00007ffdb9ff0000 - 0x00007ffdb9ffe000 	C:\Users\Kartik Verma\eclipse\plugins\org.eclipse.justj.openjdk.hotspot.jre.full.win32.x86_64_21.0.8.v20250724-1412\jre\bin\sunmscapi.dll
0x00007ffddcee0000 - 0x00007ffddd058000 	C:\WINDOWS\System32\CRYPT32.dll
0x00007ffddc210000 - 0x00007ffddc240000 	C:\WINDOWS\SYSTEM32\ncrypt.dll
0x00007ffddc1c0000 - 0x00007ffddc1ff000 	C:\WINDOWS\SYSTEM32\NTASN1.dll
0x00007ffddbff0000 - 0x00007ffddc00b000 	C:\WINDOWS\SYSTEM32\CRYPTSP.dll
0x00007ffddb700000 - 0x00007ffddb739000 	C:\WINDOWS\system32\rsaenh.dll
0x00007ffddbdc0000 - 0x00007ffddbdf3000 	C:\WINDOWS\SYSTEM32\USERENV.dll
0x00007ffddc900000 - 0x00007ffddc92a000 	C:\WINDOWS\SYSTEM32\bcrypt.dll
0x00007ffddc010000 - 0x00007ffddc01c000 	C:\WINDOWS\SYSTEM32\CRYPTBASE.dll
0x00007ffddb250000 - 0x00007ffddb283000 	C:\WINDOWS\SYSTEM32\IPHLPAPI.DLL
0x00007ffdde750000 - 0x00007ffdde75a000 	C:\WINDOWS\System32\NSI.dll
0x00007ffdbd030000 - 0x00007ffdbd03a000 	C:\Users\Kartik Verma\eclipse\plugins\org.eclipse.justj.openjdk.hotspot.jre.full.win32.x86_64_21.0.8.v20250724-1412\jre\bin\management.dll
0x00007ffdbcf90000 - 0x00007ffdbcf9b000 	C:\Users\Kartik Verma\eclipse\plugins\org.eclipse.justj.openjdk.hotspot.jre.full.win32.x86_64_21.0.8.v20250724-1412\jre\bin\management_ext.dll
0x00007ffdde170000 - 0x00007ffdde178000 	C:\WINDOWS\System32\PSAPI.DLL
0x00007ffddb320000 - 0x00007ffddb46a000 	C:\WINDOWS\SYSTEM32\DNSAPI.dll
0x00007ffddbb10000 - 0x00007ffddbb1d000 	C:\WINDOWS\SYSTEM32\DSPARSE.dll
0x00007ffdd2d10000 - 0x00007ffdd2d1b000 	C:\Windows\System32\rasadhlp.dll
0x00007ffdd63a0000 - 0x00007ffdd6426000 	C:\WINDOWS\System32\fwpuclnt.dll
0x00007ffdd9570000 - 0x00007ffdd9579000 	C:\Users\Kartik Verma\eclipse\plugins\org.eclipse.justj.openjdk.hotspot.jre.full.win32.x86_64_21.0.8.v20250724-1412\jre\bin\extnet.dll
0x00007ffdd62d0000 - 0x00007ffdd62d8000 	C:\WINDOWS\system32\wshunix.dll

JVMTI agents: none

dbghelp: loaded successfully - version: 4.0.5 - missing functions: none
symbol engine: initialized successfully - sym options: 0x614 - pdb path: .;C:\Users\Kartik Verma\eclipse\plugins\org.eclipse.justj.openjdk.hotspot.jre.full.win32.x86_64_21.0.8.v20250724-1412\jre\bin;C:\WINDOWS\SYSTEM32;C:\WINDOWS\WinSxS\amd64_microsoft.windows.common-controls_6595b64144ccf1df_6.0.26100.8521_none_3e08b75ce33403b3;C:\Users\Kartik Verma\eclipse\plugins\org.eclipse.justj.openjdk.hotspot.jre.full.win32.x86_64_21.0.8.v20250724-1412\jre\bin\server

VM Arguments:
jvm_args: -Dfile.encoding=UTF-8 -Dstdout.encoding=UTF-8 -Dstderr.encoding=UTF-8 -XX:+ShowCodeDetailsInExceptionMessages 
java_command: com.Infosys.ecommerceApplication.EcommerceApplication
java_class_path (initial): C:\Users\Kartik Verma\OneDrive\Desktop\ecommerceApplication\ecommerceApplication\target\classes;C:\Users\Kartik Verma\.m2\repository\org\springframework\boot\spring-boot-starter-web\4.0.5\spring-boot-starter-web-4.0.5.jar;C:\Users\Kartik Verma\.m2\repository\org\springframework\boot\spring-boot-starter-jackson\4.0.5\spring-boot-starter-jackson-4.0.5.jar;C:\Users\Kartik Verma\.m2\repository\org\springframework\boot\spring-boot-jackson\4.0.5\spring-boot-jackson-4.0.5.jar;C:\Users\Kartik Verma\.m2\repository\tools\jackson\core\jackson-databind\3.1.0\jackson-databind-3.1.0.jar;C:\Users\Kartik Verma\.m2\repository\tools\jackson\core\jackson-core\3.1.0\jackson-core-3.1.0.jar;C:\Users\Kartik Verma\.m2\repository\org\springframework\boot\spring-boot-starter-tomcat\4.0.5\spring-boot-starter-tomcat-4.0.5.jar;C:\Users\Kartik Verma\.m2\repository\org\springframework\boot\spring-boot-starter-tomcat-runtime\4.0.5\spring-boot-starter-tomcat-runtime-4.0.5.jar;C:\Users\Kartik Verma\.m2\repository\org\springframework\boot\spring-boot-web-server\4.0.5\spring-boot-web-server-4.0.5.jar;C:\Users\Kartik Verma\.m2\repository\org\apache\tomcat\embed\tomcat-embed-core\11.0.20\tomcat-embed-core-11.0.20.jar;C:\Users\Kartik Verma\.m2\repository\org\apache\tomcat\embed\tomcat-embed-websocket\11.0.20\tomcat-embed-websocket-11.0.20.jar;C:\Users\Kartik Verma\.m2\repository\org\springframework\boot\spring-boot-tomcat\4.0.5\spring-boot-tomcat-4.0.5.jar;C:\Users\Kartik Verma\.m2\repository\org\springframework\boot\spring-boot-http-converter\4.0.5\spring-boot-http-converter-4.0.5.jar;C:\Users\Kartik Verma\.m2\repository\org\springframework\boot\spring-boot\4.0.5\spring-boot-4.0.5.jar;C:\Users\Kartik Verma\.m2\repository\org\springframework\spring-context\7.0.6\spring-context-7.0.6.jar;C:\Users\Kartik Verma\.m2\repository\org\springframework\spring-web\7.0.6\spring-web-7.0.6.jar;C:\Users\Kartik Verma\.m2\repository\io\micrometer\micrometer-observation\1.16.4\micrometer-observation-1.16.4.jar;C:\Users\Kartik Verma\.m2\repository\io\micrometer\micrometer-commons\1.16.4\micrometer-commons-1.16.4.jar;C:\Users\Kartik Verma\.m2\repository\org\springframework\boot\spring-boot-webmvc\4.0.5\spring-boot-webmvc-4.0.5.jar;C:\Users\Kartik Verma\.m2\repository\org\springframework\boot\spring-boot-servlet\4.0.5\spring-boot-servlet-4.0.5.jar;C:\Users\Kartik Verma\.m2\repository\org\springframework\spring-webmvc\7.0.6\spring-webmvc-7.0.6.jar;C:\Users\Kartik Verma\.m2\repository\org\springframework\spring-expression\7.0.6\spring-expression-7.0.6.jar;C:\Users\Kartik Verma\.m2\repository\org\springframework\boot\spring-boot-starter-data-jpa\4.0.5\spring-boot-starter-data-jpa-4.0.5.jar;C:\Users\Kartik Verma\.m2\repository\org\springframework\boot\spring-boot-starter\4.0.5\spring-boot-starter-4.0.5.jar;C:\Users\Kartik Verma\.m2\repository\org\springframework\boot\spring-boot-starter-logging\4.0.5\spring-boot-starter-logging-4.0.5.jar;C:\Users\Kartik Verma\.m2\repository\ch\qos\logback\logback-classic\1.5.32\logback-classic-1.5.32.jar;C:\Users\Kartik Verma\.m2\repository\ch\qos\logback\logback-core\1.5.32\logback-core-1.5.32.jar;C:\Users\Kartik Verma\.m2\repository\org\apache\logging\log4j\log4j-to-slf4j\2.25.3\log4j-to-slf4j-2.25.3.jar;C:\Users\Kartik Verma\.m2\repository\org\apache\logging\log4j\log4j-api\2.25.3\log4j-api-2.25.3.jar;C:\Users\Kartik Verma\.m2\repository\org\slf4j\jul-to-slf4j\2.0.17\jul-to-slf4j-2.0.17.jar;C:\Users\Kartik Verma\.m2\repository\org\springframework\boot\spring-boot-autoconfigure\4.0.5\spring-boot-autoconfigure-4.0.5.jar;C:\Users\Kartik Verma\.m2\repository\jakarta\annotation\jakarta.annotation-api\3.0.0\jakarta.annotation-api-3.0.0.jar;C:\Users\Kartik Verma\.m2\repository\org\yaml\snakeyaml\2.5\snakeyaml-2.5.jar;C:\Users\Kartik Verma\.m2\repository\org\springframework\boot\spring-boot-starter-jdbc\4.0.5\spring-boot-starter-jdbc-4.0.5.jar;C:\Users\Kartik Verma\.m2\repository\com\zaxxer\HikariCP\7.0.2\HikariCP-7.0.2.jar;C:\Users\Kartik Verma\.m2\repository\org\springframework\boot\spring-boot-data-jpa\4.0.5\spring-boot-data-jpa-4.0.5.jar;C:\Users\Kartik Verma\.m2\repository\org\springframework\boot\spring-boot-data-commons\4.0.5\spring-boot-data-commons-4.0.5.jar;C:\Users\Kartik Verma\.m2\repository\org\springframework\boot\spring-boot-persistence\4.0.5\spring-boot-persistence-4.0.5.jar;C:\Users\Kartik Verma\.m2\repository\org\springframework\data\spring-data-commons\4.0.4\spring-data-commons-4.0.4.jar;C:\Users\Kartik Verma\.m2\repository\org\springframework\boot\spring-boot-hibernate\4.0.5\spring-boot-hibernate-4.0.5.jar;C:\Users\Kartik Verma\.m2\repository\org\springframework\boot\spring-boot-jpa\4.0.5\spring-boot-jpa-4.0.5.jar;C:\Users\Kartik Verma\.m2\repository\jakarta\persistence\jakarta.persistence-api\3.2.0\jakarta.persistence-api-3.2.0.jar;C:\Users\Kartik Verma\.m2\repository\org\hibernate\orm\hibernate-core\7.2.7.Final\hibernate-core-7.2.7.Final.jar;C:\Users\Kartik Verma\.m2\repository\jakarta\transaction\jakarta.transaction-api\2.0.1\jakarta.transaction-api-2.0.1.jar;C:\Users\Kartik Verma\.m2\repository\org\hibernate\models\hibernate-models\1.0.1\hibernate-models-1.0.1.jar;C:\Users\Kartik Verma\.m2\repository\org\glassfish\jaxb\jaxb-runtime\4.0.6\jaxb-runtime-4.0.6.jar;C:\Users\Kartik Verma\.m2\repository\org\glassfish\jaxb\jaxb-core\4.0.6\jaxb-core-4.0.6.jar;C:\Users\Kartik Verma\.m2\repository\org\eclipse\angus\angus-activation\2.0.3\angus-activation-2.0.3.jar;C:\Users\Kartik Verma\.m2\repository\org\glassfish\jaxb\txw2\4.0.6\txw2-4.0.6.jar;C:\Users\Kartik Verma\.m2\repository\com\sun\istack\istack-commons-runtime\4.1.2\istack-commons-runtime-4.1.2.jar;C:\Users\Kartik Verma\.m2\repository\jakarta\inject\jakarta.inject-api\2.0.1\jakarta.inject-api-2.0.1.jar;C:\Users\Kartik Verma\.m2\repository\org\springframework\spring-orm\7.0.6\spring-orm-7.0.6.jar;C:\Users\Kartik Verma\.m2\repository\org\springframework\data\spring-data-jpa\4.0.4\spring-data-jpa-4.0.4.jar;C:\Users\Kartik Verma\.m2\repository\org\springframework\spring-tx\7.0.6\spring-tx-7.0.6.jar;C:\Users\Kartik Verma\.m2\repository\org\antlr\antlr4-runtime\4.13.2\antlr4-runtime-4.13.2.jar;C:\Users\Kartik Verma\.m2\repository\org\springframework\spring-aspects\7.0.6\spring-aspects-7.0.6.jar;C:\Users\Kartik Verma\.m2\repository\org\aspectj\aspectjweaver\1.9.25.1\aspectjweaver-1.9.25.1.jar;C:\Users\Kartik Verma\.m2\repository\org\springframework\boot\spring-boot-jdbc\4.0.5\spring-boot-jdbc-4.0.5.jar;C:\Users\Kartik Verma\.m2\repository\org\springframework\boot\spring-boot-sql\4.0.5\spring-boot-sql-4.0.5.jar;C:\Users\Kartik Verma\.m2\repository\org\springframework\boot\spring-boot-transaction\4.0.5\spring-boot-transaction-4.0.5.jar;C:\Users\Kartik Verma\.m2\repository\org\springframework\spring-jdbc\7.0.6\spring-jdbc-7.0.6.jar;C:\Users\Kartik Verma\.m2\repository\com\mysql\mysql-connector-j\9.6.0\mysql-connector-j-9.6.0.jar;C:\Users\Kartik Verma\.m2\repository\jakarta\xml\bind\jakarta.xml.bind-api\4.0.4\jakarta.xml.bind-api-4.0.4.jar;C:\Users\Kartik Verma\.m2\repository\jakarta\activation\jakarta.activation-api\2.1.4\jakarta.activation-api-2.1.4.jar;C:\Users\Kartik Verma\.m2\repository\net\bytebuddy\byte-buddy\1.17.8\byte-buddy-1.17.8.jar;C:\Users\Kartik Verma\.m2\repository\org\springframework\spring-core\7.0.6\spring-core-7.0.6.jar;C:\Users\Kartik Verma\.m2\repository\commons-logging\commons-logging\1.3.6\commons-logging-1.3.6.jar;C:\Users\Kartik Verma\.m2\repository\org\jspecify\jspecify\1.0.0\jspecify-1.0.0.jar;C:\Users\Kartik Verma\.m2\repository\org\springframework\boot\spring-boot-starter-validation\4.0.5\spring-boot-starter-validation-4.0.5.jar;C:\Users\Kartik Verma\.m2\repository\org\springframework\boot\spring-boot-validation\4.0.5\spring-boot-validation-4.0.5.jar;C:\Users\Kartik Verma\.m2\repository\org\apache\tomcat\embed\tomcat-embed-el\11.0.20\tomcat-embed-el-11.0.20.jar;C:\Users\Kartik Verma\.m2\repository\org\hibernate\validator\hibernate-validator\9.0.1.Final\hibernate-validator-9.0.1.Final.jar;C:\Users\Kartik Verma\.m2\repository\jakarta\validation\jakarta.validation-api\3.1.1\jakarta.validation-api-3.1.1.jar;C:\Users\Kartik Verma\.m2\repository\org\jboss\logging\jboss-logging\3.6.3.Final\jboss-logging-3.6.3.Final.jar;C:\Users\Kartik Verma\.m2\repository\com\fasterxml\classmate\1.7.3\classmate-1.7.3.jar;C:\Users\Kartik Verma\.m2\repository\org\springframework\boot\spring-boot-starter-security\4.0.5\spring-boot-starter-security-4.0.5.jar;C:\Users\Kartik Verma\.m2\repository\org\springframework\boot\spring-boot-security\4.0.5\spring-boot-security-4.0.5.jar;C:\Users\Kartik Verma\.m2\repository\org\springframework\security\spring-security-config\7.0.4\spring-security-config-7.0.4.jar;C:\Users\Kartik Verma\.m2\repository\org\springframework\security\spring-security-core\7.0.4\spring-security-core-7.0.4.jar;C:\Users\Kartik Verma\.m2\repository\org\springframework\security\spring-security-web\7.0.4\spring-security-web-7.0.4.jar;C:\Users\Kartik Verma\.m2\repository\org\springframework\spring-aop\7.0.6\spring-aop-7.0.6.jar;C:\Users\Kartik Verma\.m2\repository\org\springframework\spring-beans\7.0.6\spring-beans-7.0.6.jar;C:\Users\Kartik Verma\.m2\repository\org\springframework\security\spring-security-crypto\7.0.4\spring-security-crypto-7.0.4.jar;C:\Users\Kartik Verma\.m2\repository\io\jsonwebtoken\jjwt-api\0.11.5\jjwt-api-0.11.5.jar;C:\Users\Kartik Verma\.m2\repository\io\jsonwebtoken\jjwt-impl\0.11.5\jjwt-impl-0.11.5.jar;C:\Users\Kartik Verma\.m2\repository\io\jsonwebtoken\jjwt-jackson\0.11.5\jjwt-jackson-0.11.5.jar;C:\Users\Kartik Verma\.m2\repository\com\fasterxml\jackson\core\jackson-databind\2.21.2\jackson-databind-2.21.2.jar;C:\Users\Kartik Verma\.m2\repository\com\fasterxml\jackson\core\jackson-annotations\2.21\jackson-annotations-2.21.jar;C:\Users\Kartik Verma\.m2\repository\com\fasterxml\jackson\core\jackson-core\2.21.2\jackson-core-2.21.2.jar;C:\Users\Kartik Verma\.m2\repository\com\cloudinary\cloudinary-http44\1.39.0\cloudinary-http44-1.39.0.jar;C:\Users\Kartik Verma\.m2\repository\com\cloudinary\cloudinary-core\1.39.0\cloudinary-core-1.39.0.jar;C:\Users\Kartik Verma\.m2\repository\org\apache\commons\commons-lang3\3.19.0\commons-lang3-3.19.0.jar;C:\Users\Kartik Verma\.m2\repository\org\apache\httpcomponents\httpclient\4.4\httpclient-4.4.jar;C:\Users\Kartik Verma\.m2\repository\org\apache\httpcomponents\httpcore\4.4.16\httpcore-4.4.16.jar;C:\Users\Kartik Verma\.m2\repository\commons-codec\commons-codec\1.19.0\commons-codec-1.19.0.jar;C:\Users\Kartik Verma\.m2\repository\org\apache\httpcomponents\httpmime\4.4\httpmime-4.4.jar;C:\Users\Kartik Verma\.m2\repository\com\paytm\pg\paytm-checksum\1.2.1\paytm-checksum-1.2.1.jar;C:\Users\Kartik Verma\.m2\repository\io\github\cdimascio\dotenv-java\3.0.0\dotenv-java-3.0.0.jar;C:\Users\Kartik Verma\.m2\repository\org\slf4j\slf4j-api\2.0.17\slf4j-api-2.0.17.jar
Launcher Type: SUN_STANDARD

[Global flags]
     intx CICompilerCount                          = 4                                         {product} {ergonomic}
     uint ConcGCThreads                            = 3                                         {product} {ergonomic}
     uint G1ConcRefinementThreads                  = 10                                        {product} {ergonomic}
   size_t G1HeapRegionSize                         = 1048576                                   {product} {ergonomic}
    uintx GCDrainStackTargetSize                   = 64                                        {product} {ergonomic}
   size_t InitialHeapSize                          = 65011712                                  {product} {ergonomic}
   size_t MarkStackSize                            = 4194304                                   {product} {ergonomic}
   size_t MaxHeapSize                              = 1021313024                                {product} {ergonomic}
   size_t MaxNewSize                               = 612368384                                 {product} {ergonomic}
   size_t MinHeapDeltaBytes                        = 1048576                                   {product} {ergonomic}
   size_t MinHeapSize                              = 8388608                                   {product} {ergonomic}
    uintx NonNMethodCodeHeapSize                   = 5839372                                {pd product} {ergonomic}
    uintx NonProfiledCodeHeapSize                  = 122909434                              {pd product} {ergonomic}
    uintx ProfiledCodeHeapSize                     = 122909434                              {pd product} {ergonomic}
    uintx ReservedCodeCacheSize                    = 251658240                              {pd product} {ergonomic}
     bool SegmentedCodeCache                       = true                                      {product} {ergonomic}
     bool ShowCodeDetailsInExceptionMessages       = true                                   {manageable} {command line}
   size_t SoftMaxHeapSize                          = 1021313024                             {manageable} {ergonomic}
     bool UseCompressedOops                        = true                           {product lp64_product} {ergonomic}
     bool UseG1GC                                  = true                                      {product} {ergonomic}
     bool UseLargePagesIndividualAllocation        = false                                  {pd product} {ergonomic}

Logging:
Log output configuration:
 #0: stdout all=warning uptime,level,tags foldmultilines=false
 #1: stderr all=off uptime,level,tags foldmultilines=false

Environment Variables:
JAVA_HOME=C:\Program Files\Java\jdk-21
PATH=C:/Users/Kartik Verma/eclipse//plugins/org.eclipse.justj.openjdk.hotspot.jre.full.win32.x86_64_21.0.8.v20250724-1412/jre/bin/server;C:/Users/Kartik Verma/eclipse//plugins/org.eclipse.justj.openjdk.hotspot.jre.full.win32.x86_64_21.0.8.v20250724-1412/jre/bin;C:\Program Files\Common Files\Oracle\Java\javapath;C:\WINDOWS\system32;C:\WINDOWS;C:\WINDOWS\System32\Wbem;C:\WINDOWS\System32\WindowsPowerShell\v1.0\;C:\WINDOWS\System32\OpenSSH\;C:\Program Files\nodejs\;C:\Program Files\Java\jdk-21\bin;C:\Program Files\MySQL\MySQL Server 8.0\bin;C:\Program Files\Git\cmd;C:\Users\Kartik Verma\AppData\Local\Microsoft\WindowsApps;C:\Users\Kartik Verma\AppData\Roaming\npm;C:\Users\Kartik Verma\AppData\Local\Programs\Microsoft VS Code\bin;C:\Program Files\JetBrains\IntelliJ IDEA 2025.3.2\bin;C:\Users\Kartik Verma\eclipse;
USERNAME=Kartik Verma
OS=Windows_NT
PROCESSOR_IDENTIFIER=Intel64 Family 6 Model 165 Stepping 2, GenuineIntel
TMP=C:\Users\KARTIK~1\AppData\Local\Temp
TEMP=C:\Users\KARTIK~1\AppData\Local\Temp




Periodic native trim disabled

---------------  S Y S T E M  ---------------

OS:
 Windows 11 , 64 bit Build 26100 (10.0.26100.8521)
OS uptime: 4 days 0:18 hours

CPU: total 12 (initial active 12) (6 cores per cpu, 2 threads per core) family 6 model 165 stepping 2 microcode 0xfc, cx8, cmov, fxsr, ht, mmx, 3dnowpref, sse, sse2, sse3, ssse3, sse4.1, sse4.2, popcnt, lzcnt, tsc, tscinvbit, avx, avx2, aes, erms, clmul, bmi1, bmi2, adx, fma, vzeroupper, clflush, clflushopt, rdtscp, f16c, pku
Processor Information for the first 12 processors :
  Max Mhz: 2592, Current Mhz: 2592, Mhz Limit: 2592

Memory: 4k page, system-wide physical 3889M (110M free)
TotalPageFile size 15665M (AvailPageFile size 6M)
current process WorkingSet (physical memory assigned to process): 112M, peak: 307M
current process commit charge ("private bytes"): 380M, peak: 395M

vm_info: OpenJDK 64-Bit Server VM (21.0.8+9-LTS) for windows-amd64 JRE (21.0.8+9-LTS), built on 2025-07-15T00:00:00Z by "admin" with MS VC++ 17.7 (VS2022)

END.
